
edilson.murillor@LMEEMURILLO MINGW64 ~
$ pwd
/c/Users/edilson.murillor

edilson.murillor@LMEEMURILLO MINGW64 ~
$ d:
bash: d:: command not found

edilson.murillor@LMEEMURILLO MINGW64 ~
$ cd d
bash: cd: d: No such file or directory

edilson.murillor@LMEEMURILLO MINGW64 ~
$ cd d:

edilson.murillor@LMEEMURILLO MINGW64 /d
$ ls
'$RECYCLE.BIN'/                      'System Volume Information'/
 FortiClientVPNOnlineInstaller.exe*   edilson.murillor/
'Office 2013'/                        python-3.10.4-amd64.exe*
 OneDriveTemp/

edilson.murillor@LMEEMURILLO MINGW64 /d
$ cd edilson.murillor/

edilson.murillor@LMEEMURILLO MINGW64 /d/edilson.murillor
$ ls
 Desktop/     Downloads/   Music/                   Pictures/
 Documents/   Favorites/  'OneDrive - CADENA SA'/   Videos/

edilson.murillor@LMEEMURILLO MINGW64 /d/edilson.murillor
$ ls -al
total 16
drwxr-xr-x 1 edilson.murillor 1049089 0 May 12 11:39  ./
drwxr-xr-x 1 edilson.murillor 1049089 0 May 23 12:32  ../
drwxr-xr-x 1 edilson.murillor 1049089 0 May 23 10:48  Desktop/
drwxr-xr-x 1 edilson.murillor 1049089 0 May 23 14:53  Documents/
drwxr-xr-x 1 edilson.murillor 1049089 0 May 26 16:36  Downloads/
drwxr-xr-x 1 edilson.murillor 1049089 0 May 12 10:27  Favorites/
drwxr-xr-x 1 edilson.murillor 1049089 0 May 12 10:27  Music/
drwxr-xr-x 1 edilson.murillor 1049089 0 May 26 11:47 'OneDrive - CADENA SA'/
drwxr-xr-x 1 edilson.murillor 1049089 0 May 12 10:44  Pictures/
drwxr-xr-x 1 edilson.murillor 1049089 0 May 25 11:50  Videos/

edilson.murillor@LMEEMURILLO MINGW64 /d/edilson.murillor
$

edilson.murillor@LMEEMURILLO MINGW64 /d/edilson.murillor
$ ls
 Desktop/     Downloads/   Music/                   Pictures/
 Documents/   Favorites/  'OneDrive - CADENA SA'/   Videos/

edilson.murillor@LMEEMURILLO MINGW64 /d/edilson.murillor
$ cd Documents/

edilson.murillor@LMEEMURILLO MINGW64 /d/edilson.murillor/Documents
$ ls
 Cadena/  'Visual Studio 2022'/   cmder/   desktop.ini   pseint/

edilson.murillor@LMEEMURILLO MINGW64 /d/edilson.murillor/Documents
$ cd Cadena/

edilson.murillor@LMEEMURILLO MINGW64 /d/edilson.murillor/Documents/Cadena
$ ls
Python/  pseint/

edilson.murillor@LMEEMURILLO MINGW64 /d/edilson.murillor/Documents/Cadena
$ cd Python/

edilson.murillor@LMEEMURILLO MINGW64 /d/edilson.murillor/Documents/Cadena/Python
$ ls
basico/  git/  pseint_python/

edilson.murillor@LMEEMURILLO MINGW64 /d/edilson.murillor/Documents/Cadena/Python
$ cd git/

edilson.murillor@LMEEMURILLO MINGW64 /d/edilson.murillor/Documents/Cadena/Python/git
$

edilson.murillor@LMEEMURILLO MINGW64 /d/edilson.murillor/Documents/Cadena/Python/git
$ ls
'Nuevo documento de texto.txt'

edilson.murillor@LMEEMURILLO MINGW64 /d/edilson.murillor/Documents/Cadena/Python/git
$ cd

edilson.murillor@LMEEMURILLO MINGW64 ~
$ mkdir proyecto1

edilson.murillor@LMEEMURILLO MINGW64 ~
$ ls
'3D Objects'/
 AppData/
'Configuración local'@
 Contacts/
 Cookies@
'Datos de programa'@
'Entorno de red'@
 Impresoras@
 IntelGraphicsProfiles/
 Links/
'Menú Inicio'@
'Mis documentos'@
 NTUSER.DAT
 NTUSER.DAT{27cdeaec-aeea-11ec-8018-dc4a3e4f6f42}.TM.blf
 NTUSER.DAT{27cdeaec-aeea-11ec-8018-dc4a3e4f6f42}.TMContainer00000000000000000001.regtrans-ms
 NTUSER.DAT{27cdeaec-aeea-11ec-8018-dc4a3e4f6f42}.TMContainer00000000000000000002.regtrans-ms
 OneDrive/
 Plantillas@
 Postman/
 Reciente@
'Saved Games'/
 Searches/
 SendTo@
 eclipse/
 eclipse-workspace/
 ntuser.dat.LOG1
 ntuser.dat.LOG2
 ntuser.ini
 proyecto1/
 pseint/

edilson.murillor@LMEEMURILLO MINGW64 ~
$ cd proyecto1/

edilson.murillor@LMEEMURILLO MINGW64 ~/proyecto1
$ touch vacio.txt

edilson.murillor@LMEEMURILLO MINGW64 ~/proyecto1
$ ls
vacio.txt

edilson.murillor@LMEEMURILLO MINGW64 ~/proyecto1
$ ls -all
total 8
drwxr-xr-x 1 edilson.murillor 1049089 0 May 26 16:49 ./
drwxr-xr-x 1 edilson.murillor 1049089 0 May 26 16:48 ../
-rw-r--r-- 1 edilson.murillor 1049089 0 May 26 16:49 vacio.txt

edilson.murillor@LMEEMURILLO MINGW64 ~/proyecto1
$ cat vacio.txt
mensaje secreto
edilson.murillor@LMEEMURILLO MINGW64 ~/proyecto1
$ hystory
bash: hystory: command not found

edilson.murillor@LMEEMURILLO MINGW64 ~/proyecto1
$ history
    1  ls
    2  cd
    3  pwd
    4  pwd
    5  d:
    6  cd d
    7  cd d:
    8  ls
    9  cd edilson.murillor/
   10  ls
   11  ls -al
   12  ls
   13  cd Documents/
   14  ls
   15  cd Cadena/
   16  ls
   17  cd Python/
   18  ls
   19  cd git/
   20  ls
   21  cd
   22  mkdir proyecto1
   23  ls
   24  cd proyecto1/
   25  touch vacio.txt
   26  ls
   27  ls -all
   28  cat vacio.txt
   29  hystory
   30  history

edilson.murillor@LMEEMURILLO MINGW64 ~/proyecto1
$ !28
cat vacio.txt
mensaje secreto
edilson.murillor@LMEEMURILLO MINGW64 ~/proyecto1
$ history
    1  ls
    2  cd
    3  pwd
    4  pwd
    5  d:
    6  cd d
    7  cd d:
    8  ls
    9  cd edilson.murillor/
   10  ls
   11  ls -al
   12  ls
   13  cd Documents/
   14  ls
   15  cd Cadena/
   16  ls
   17  cd Python/
   18  ls
   19  cd git/
   20  ls
   21  cd
   22  mkdir proyecto1
   23  ls
   24  cd proyecto1/
   25  touch vacio.txt
   26  ls
   27  ls -all
   28  cat vacio.txt
   29  hystory
   30  history
   31  cat vacio.txt
   32  history

edilson.murillor@LMEEMURILLO MINGW64 ~/proyecto1
$ rm vacio.txt

edilson.murillor@LMEEMURILLO MINGW64 ~/proyecto1
$ ls

edilson.murillor@LMEEMURILLO MINGW64 ~/proyecto1
$ rm --help
Usage: rm [OPTION]... [FILE]...
Remove (unlink) the FILE(s).

  -f, --force           ignore nonexistent files and arguments, never prompt
  -i                    prompt before every removal
  -I                    prompt once before removing more than three files, or
                          when removing recursively; less intrusive than -i,
                          while still giving protection against most mistakes
      --interactive[=WHEN]  prompt according to WHEN: never, once (-I), or
                          always (-i); without WHEN, prompt always
      --one-file-system  when removing a hierarchy recursively, skip any
                          directory that is on a file system different from
                          that of the corresponding command line argument
      --no-preserve-root  do not treat '/' specially
      --preserve-root[=all]  do not remove '/' (default);
                              with 'all', reject any command line argument
                              on a separate device from its parent
  -r, -R, --recursive   remove directories and their contents recursively
  -d, --dir             remove empty directories
  -v, --verbose         explain what is being done
      --help     display this help and exit
      --version  output version information and exit

By default, rm does not remove directories.  Use the --recursive (-r or -R)
option to remove each listed directory, too, along with all of its contents.

To remove a file whose name starts with a '-', for example '-foo',
use one of these commands:
  rm -- -foo

  rm ./-foo

Note that if you use rm to remove a file, it might be possible to recover
some of its contents, given sufficient expertise and/or time.  For greater
assurance that the contents are truly unrecoverable, consider using shred.

GNU coreutils online help: <https://www.gnu.org/software/coreutils/>
Report any translation bugs to <https://translationproject.org/team/>
Full documentation <https://www.gnu.org/software/coreutils/rm>
or available locally via: info '(coreutils) rm invocation'

edilson.murillor@LMEEMURILLO MINGW64 ~/proyecto1
$

edilson.murillor@LMEEMURILLO MINGW64 ~/proyecto1
$ pwd
/c/Users/edilson.murillor/proyecto1

edilson.murillor@LMEEMURILLO MINGW64 ~/proyecto1
$ git init
Initialized empty Git repository in C:/Users/edilson.murillor/proyecto1/.git/

edilson.murillor@LMEEMURILLO MINGW64 ~/proyecto1 (master)
$ ls -al
total 12
drwxr-xr-x 1 edilson.murillor 1049089 0 May 26 16:55 ./
drwxr-xr-x 1 edilson.murillor 1049089 0 May 26 16:48 ../
drwxr-xr-x 1 edilson.murillor 1049089 0 May 26 16:55 .git/

edilson.murillor@LMEEMURILLO MINGW64 ~/proyecto1 (master)
$ git status
On branch master

No commits yet

Untracked files:
  (use "git add <file>..." to include in what will be committed)
        historia.txt

nothing added to commit but untracked files present (use "git add" to track)

edilson.murillor@LMEEMURILLO MINGW64 ~/proyecto1 (master)
$ git add historia.txt

edilson.murillor@LMEEMURILLO MINGW64 ~/proyecto1 (master)
$ git status
On branch master

No commits yet

Changes to be committed:
  (use "git rm --cached <file>..." to unstage)
        new file:   historia.txt


edilson.murillor@LMEEMURILLO MINGW64 ~/proyecto1 (master)
$ git rm historia.txt
error: the following file has changes staged in the index:
    historia.txt
(use --cached to keep the file, or -f to force removal)

edilson.murillor@LMEEMURILLO MINGW64 ~/proyecto1 (master)
$ git rm --cached historia.txt
rm 'historia.txt'

edilson.murillor@LMEEMURILLO MINGW64 ~/proyecto1 (master)
$ status
bash: status: command not found

edilson.murillor@LMEEMURILLO MINGW64 ~/proyecto1 (master)
$ git status
On branch master

No commits yet

Untracked files:
  (use "git add <file>..." to include in what will be committed)
        historia.txt

nothing added to commit but untracked files present (use "git add" to track)

edilson.murillor@LMEEMURILLO MINGW64 ~/proyecto1 (master)
$ git add historia.txt

edilson.murillor@LMEEMURILLO MINGW64 ~/proyecto1 (master)
$ git status
On branch master

No commits yet

Changes to be committed:
  (use "git rm --cached <file>..." to unstage)
        new file:   historia.txt


edilson.murillor@LMEEMURILLO MINGW64 ~/proyecto1 (master)
$ git commit -m "Este es el primer commit de este archivo"
[master (root-commit) 2505520] Este es el primer commit de este archivo
 Committer: Edilson Murillo Rodriguez <edilson.murillor@cadena.com.co>
Your name and email address were configured automatically based
on your username and hostname. Please check that they are accurate.
You can suppress this message by setting them explicitly. Run the
following command and follow the instructions in your editor to edit
your configuration file:

    git config --global --edit

After doing this, you may fix the identity used for this commit with:

    git commit --amend --reset-author

 1 file changed, 5 insertions(+)
 create mode 100644 historia.txt

edilson.murillor@LMEEMURILLO MINGW64 ~/proyecto1 (master)
$ git config
usage: git config [<options>]

Config file location
    --global              use global config file
    --system              use system config file
    --local               use repository config file
    --worktree            use per-worktree config file
    -f, --file <file>     use given config file
    --blob <blob-id>      read config from given blob object

Action
    --get                 get value: name [value-pattern]
    --get-all             get all values: key [value-pattern]
    --get-regexp          get values for regexp: name-regex [value-pattern]
    --get-urlmatch        get value specific for the URL: section[.var] URL
    --replace-all         replace all matching variables: name value [value-pattern]
    --add                 add a new variable: name value
    --unset               remove a variable: name [value-pattern]
    --unset-all           remove all matches: name [value-pattern]
    --rename-section      rename section: old-name new-name
    --remove-section      remove a section: name
    -l, --list            list all
    --fixed-value         use string equality when comparing values to 'value-pattern'
    -e, --edit            open an editor
    --get-color           find the color configured: slot [default]
    --get-colorbool       find the color setting: slot [stdout-is-tty]

Type
    -t, --type <type>     value is given this type
    --bool                value is "true" or "false"
    --int                 value is decimal number
    --bool-or-int         value is --bool or --int
    --bool-or-str         value is --bool or string
    --path                value is a path (file or directory name)
    --expiry-date         value is an expiry date

Other
    -z, --null            terminate values with NUL byte
    --name-only           show variable names only
    --includes            respect include directives on lookup
    --show-origin         show origin of config (file, standard input, blob, command line)
    --show-scope          show scope of config (worktree, local, global, system, command)
    --default <value>     with --get, use default value when missing entry


edilson.murillor@LMEEMURILLO MINGW64 ~/proyecto1 (master)
$ git config --list
diff.astextplain.textconv=astextplain
filter.lfs.clean=git-lfs clean -- %f
filter.lfs.smudge=git-lfs smudge -- %f
filter.lfs.process=git-lfs filter-process
filter.lfs.required=true
http.sslbackend=openssl
http.sslcainfo=C:/Users/edilson.murillor/AppData/Local/Programs/Git/mingw64/ssl/certs/ca-bundle.crt
core.autocrlf=true
core.fscache=true
core.symlinks=false
pull.rebase=false
credential.helper=manager-core
credential.https://dev.azure.com.usehttppath=true
init.defaultbranch=master
core.repositoryformatversion=0
core.filemode=false
core.bare=false
core.logallrefupdates=true
core.symlinks=false
core.ignorecase=true

edilson.murillor@LMEEMURILLO MINGW64 ~/proyecto1 (master)
$ git config --list --show-origin
file:C:/Users/edilson.murillor/AppData/Local/Programs/Git/etc/gitconfig diff.astextplain.textconv=astextplain
file:C:/Users/edilson.murillor/AppData/Local/Programs/Git/etc/gitconfig filter.lfs.clean=git-lfs clean -- %f
file:C:/Users/edilson.murillor/AppData/Local/Programs/Git/etc/gitconfig filter.lfs.smudge=git-lfs smudge -- %f
file:C:/Users/edilson.murillor/AppData/Local/Programs/Git/etc/gitconfig filter.lfs.process=git-lfs filter-process
file:C:/Users/edilson.murillor/AppData/Local/Programs/Git/etc/gitconfig filter.lfs.required=true
file:C:/Users/edilson.murillor/AppData/Local/Programs/Git/etc/gitconfig http.sslbackend=openssl
file:C:/Users/edilson.murillor/AppData/Local/Programs/Git/etc/gitconfig http.sslcainfo=C:/Users/edilson.murillor/AppData/Local/Programs/Git/mingw64/ssl/certs/ca-bundle.crt
file:C:/Users/edilson.murillor/AppData/Local/Programs/Git/etc/gitconfig core.autocrlf=true
file:C:/Users/edilson.murillor/AppData/Local/Programs/Git/etc/gitconfig core.fscache=true
file:C:/Users/edilson.murillor/AppData/Local/Programs/Git/etc/gitconfig core.symlinks=false
file:C:/Users/edilson.murillor/AppData/Local/Programs/Git/etc/gitconfig pull.rebase=false
file:C:/Users/edilson.murillor/AppData/Local/Programs/Git/etc/gitconfig credential.helper=manager-core
file:C:/Users/edilson.murillor/AppData/Local/Programs/Git/etc/gitconfig credential.https://dev.azure.com.usehttppath=true
file:C:/Users/edilson.murillor/AppData/Local/Programs/Git/etc/gitconfig init.defaultbranch=master
file:.git/config        core.repositoryformatversion=0
file:.git/config        core.filemode=false
file:.git/config        core.bare=false
file:.git/config        core.logallrefupdates=true
file:.git/config        core.symlinks=false
file:.git/config        core.ignorecase=true

edilson.murillor@LMEEMURILLO MINGW64 ~/proyecto1 (master)
$ git config --global
usage: git config [<options>]

Config file location
    --global              use global config file
    --system              use system config file
    --local               use repository config file
    --worktree            use per-worktree config file
    -f, --file <file>     use given config file
    --blob <blob-id>      read config from given blob object

Action
    --get                 get value: name [value-pattern]
    --get-all             get all values: key [value-pattern]
    --get-regexp          get values for regexp: name-regex [value-pattern]
    --get-urlmatch        get value specific for the URL: section[.var] URL
    --replace-all         replace all matching variables: name value [value-pattern]
    --add                 add a new variable: name value
    --unset               remove a variable: name [value-pattern]
    --unset-all           remove all matches: name [value-pattern]
    --rename-section      rename section: old-name new-name
    --remove-section      remove a section: name
    -l, --list            list all
    --fixed-value         use string equality when comparing values to 'value-pattern'
    -e, --edit            open an editor
    --get-color           find the color configured: slot [default]
    --get-colorbool       find the color setting: slot [stdout-is-tty]

Type
    -t, --type <type>     value is given this type
    --bool                value is "true" or "false"
    --int                 value is decimal number
    --bool-or-int         value is --bool or --int
    --bool-or-str         value is --bool or string
    --path                value is a path (file or directory name)
    --expiry-date         value is an expiry date

Other
    -z, --null            terminate values with NUL byte
    --name-only           show variable names only
    --includes            respect include directives on lookup
    --show-origin         show origin of config (file, standard input, blob, command line)
    --show-scope          show scope of config (worktree, local, global, system, command)
    --default <value>     with --get, use default value when missing entry


edilson.murillor@LMEEMURILLO MINGW64 ~/proyecto1 (master)
$ git config --global user.name "Edilson"

edilson.murillor@LMEEMURILLO MINGW64 ~/proyecto1 (master)
$ git config --global user.email "edilmr18@gmail.com"

edilson.murillor@LMEEMURILLO MINGW64 ~/proyecto1 (master)
$ git config --list
diff.astextplain.textconv=astextplain
filter.lfs.clean=git-lfs clean -- %f
filter.lfs.smudge=git-lfs smudge -- %f
filter.lfs.process=git-lfs filter-process
filter.lfs.required=true
http.sslbackend=openssl
http.sslcainfo=C:/Users/edilson.murillor/AppData/Local/Programs/Git/mingw64/ssl/certs/ca-bundle.crt
core.autocrlf=true
core.fscache=true
core.symlinks=false
pull.rebase=false
credential.helper=manager-core
credential.https://dev.azure.com.usehttppath=true
init.defaultbranch=master
user.name=Edilson
user.email=edilmr18@gmail.com
core.repositoryformatversion=0
core.filemode=false
core.bare=false
core.logallrefupdates=true
core.symlinks=false
core.ignorecase=true

edilson.murillor@LMEEMURILLO MINGW64 ~/proyecto1 (master)
$ git status
On branch master
nothing to commit, working tree clean

edilson.murillor@LMEEMURILLO MINGW64 ~/proyecto1 (master)
$ git commit -m "Este es el primer commit de este archivo"
On branch master
nothing to commit, working tree clean

edilson.murillor@LMEEMURILLO MINGW64 ~/proyecto1 (master)
$ git add historia.txt

edilson.murillor@LMEEMURILLO MINGW64 ~/proyecto1 (master)
$ git status
On branch master
nothing to commit, working tree clean

edilson.murillor@LMEEMURILLO MINGW64 ~/proyecto1 (master)
$ git add historia.txt

edilson.murillor@LMEEMURILLO MINGW64 ~/proyecto1 (master)
$ git status
On branch master
nothing to commit, working tree clean

edilson.murillor@LMEEMURILLO MINGW64 ~/proyecto1 (master)
$ git add historia.txt

edilson.murillor@LMEEMURILLO MINGW64 ~/proyecto1 (master)
$ git status
On branch master
nothing to commit, working tree clean

edilson.murillor@LMEEMURILLO MINGW64 ~/proyecto1 (master)
$ ls -al
total 13
drwxr-xr-x 1 edilson.murillor 1049089   0 May 26 16:59 ./
drwxr-xr-x 1 edilson.murillor 1049089   0 May 27 07:48 ../
drwxr-xr-x 1 edilson.murillor 1049089   0 May 27 07:51 .git/
-rw-r--r-- 1 edilson.murillor 1049089 136 May 26 17:00 historia.txt

edilson.murillor@LMEEMURILLO MINGW64 ~/proyecto1 (master)
$ history
    1  ls
    2  cd
    3  pwd
    4  pwd
    5  d:
    6  cd d
    7  cd d:
    8  ls
    9  cd edilson.murillor/
   10  ls
   11  ls -al
   12  ls
   13  cd Documents/
   14  ls
   15  cd Cadena/
   16  ls
   17  cd Python/
   18  ls
   19  cd git/
   20  ls
   21  cd
   22  mkdir proyecto1
   23  ls
   24  cd proyecto1/
   25  touch vacio.txt
   26  ls
   27  ls -all
   28  cat vacio.txt
   29  hystory
   30  history
   31  cat vacio.txt
   32  history
   33  rm vacio.txt
   34  ls
   35  rm --help
   36  pwd
   37  git init
   38  ls -al
   39  git status
   40  git add historia.txt
   41  git status
   42  git rm historia.txt
   43  git rm --cached historia.txt
   44  status
   45  git status
   46  git add historia.txt
   47  git status
   48  git commit -m "Este es el primer commit de este archivo"
   49  git config
   50  git config --list
   51  git config --list --show-origin
   52  git config --global
   53  git config --global user.name "Edilson"
   54  git config --global user.email "edilmr18@gmail.com"
   55  git config --list
   56  git status
   57  git commit -m "Este es el primer commit de este archivo"
   58  git add historia.txt
   59  git status
   60  git add historia.txt
   61  git status
   62  git add historia.txt
   63  git status
   64  ls -al
   65  history

edilson.murillor@LMEEMURILLO MINGW64 ~/proyecto1 (master)
$ git init
Reinitialized existing Git repository in C:/Users/edilson.murillor/proyecto1/.git/

edilson.murillor@LMEEMURILLO MINGW64 ~/proyecto1 (master)
$ git status
On branch master
nothing to commit, working tree clean

edilson.murillor@LMEEMURILLO MINGW64 ~/proyecto1 (master)
$ git add historia.txt

edilson.murillor@LMEEMURILLO MINGW64 ~/proyecto1 (master)
$ git status
On branch master
nothing to commit, working tree clean

edilson.murillor@LMEEMURILLO MINGW64 ~/proyecto1 (master)
$ !43
git rm --cached historia.txt
rm 'historia.txt'

edilson.murillor@LMEEMURILLO MINGW64 ~/proyecto1 (master)
$ git status
On branch master
Changes to be committed:
  (use "git restore --staged <file>..." to unstage)
        deleted:    historia.txt

Untracked files:
  (use "git add <file>..." to include in what will be committed)
        historia.txt


edilson.murillor@LMEEMURILLO MINGW64 ~/proyecto1 (master)
$ git add historia.txt

edilson.murillor@LMEEMURILLO MINGW64 ~/proyecto1 (master)
$ git status
On branch master
nothing to commit, working tree clean

edilson.murillor@LMEEMURILLO MINGW64 ~/proyecto1 (master)
$ git rm --cached historia.txt
rm 'historia.txt'

edilson.murillor@LMEEMURILLO MINGW64 ~/proyecto1 (master)
$ git status
On branch master
Changes to be committed:
  (use "git restore --staged <file>..." to unstage)
        deleted:    historia.txt

Untracked files:
  (use "git add <file>..." to include in what will be committed)
        historia.txt


edilson.murillor@LMEEMURILLO MINGW64 ~/proyecto1 (master)
$ git commit -m "Este es el primer commit de este archivo"
[master c1457c9] Este es el primer commit de este archivo
 1 file changed, 5 deletions(-)
 delete mode 100644 historia.txt

edilson.murillor@LMEEMURILLO MINGW64 ~/proyecto1 (master)
$ cat historia.txt
Esta es la historia de edilson murillo

Edilson tiene 26 años y nacion en caicedo antioquia colombia

hoy hablaremos de su historia
edilson.murillor@LMEEMURILLO MINGW64 ~/proyecto1 (master)
$ code historia.txt

edilson.murillor@LMEEMURILLO MINGW64 ~/proyecto1 (master)
$ git status
On branch master
Untracked files:
  (use "git add <file>..." to include in what will be committed)
        historia.txt

nothing added to commit but untracked files present (use "git add" to track)

edilson.murillor@LMEEMURILLO MINGW64 ~/proyecto1 (master)
$ git commit -m "Cabios al archivo de historia"
On branch master
Untracked files:
  (use "git add <file>..." to include in what will be committed)
        historia.txt

nothing added to commit but untracked files present (use "git add" to track)

edilson.murillor@LMEEMURILLO MINGW64 ~/proyecto1 (master)
$ git add .

edilson.murillor@LMEEMURILLO MINGW64 ~/proyecto1 (master)
$ git commit -m "Cabios al archivo de historia"
[master 4e9fa01] Cabios al archivo de historia
 1 file changed, 6 insertions(+)
 create mode 100644 historia.txt

edilson.murillor@LMEEMURILLO MINGW64 ~/proyecto1 (master)
$ git status
On branch master
nothing to commit, working tree clean

edilson.murillor@LMEEMURILLO MINGW64 ~/proyecto1 (master)
$ git log historia.txt
commit 4e9fa01217c19844d8e360a3a9fe002823dbe5dc (HEAD -> master)
Author: Edilson <edilmr18@gmail.com>
Date:   Fri May 27 08:02:03 2022 -0500

    Cabios al archivo de historia

commit c1457c9cdf4f2b040015dbccfaef54f183ce7002
Author: Edilson <edilmr18@gmail.com>
Date:   Fri May 27 07:55:51 2022 -0500

    Este es el primer commit de este archivo

commit 250552011b6bbaa598cd3ade837d0f17710d8749
Author: Edilson Murillo Rodriguez <edilson.murillor@cadena.com.co>
Date:   Thu May 26 17:04:18 2022 -0500

    Este es el primer commit de este archivo

edilson.murillor@LMEEMURILLO MINGW64 ~/proyecto1 (master)
$ git show historia.txt
commit 4e9fa01217c19844d8e360a3a9fe002823dbe5dc (HEAD -> master)
Author: Edilson <edilmr18@gmail.com>
Date:   Fri May 27 08:02:03 2022 -0500

    Cabios al archivo de historia

diff --git a/historia.txt b/historia.txt
new file mode 100644
index 0000000..ac7e4ec
--- /dev/null
+++ b/historia.txt
@@ -0,0 +1,6 @@
+Esta es la historia de edilson murillo
+
+Edilson tiene 26 años y nacion en caicedo antioquia colombia,
+viviendoen todo el mundo
+
+hoy hablaremos de su historia
\ No newline at end of file

edilson.murillor@LMEEMURILLO MINGW64 ~/proyecto1 (master)
$

edilson.murillor@LMEEMURILLO MINGW64 ~/proyecto1 (master)
$ pwd
/c/Users/edilson.murillor/proyecto1

edilson.murillor@LMEEMURILLO MINGW64 ~/proyecto1 (master)
$ ls
historia.txt

edilson.murillor@LMEEMURILLO MINGW64 ~/proyecto1 (master)
$ code historia.txt

edilson.murillor@LMEEMURILLO MINGW64 ~/proyecto1 (master)
$ git add .

edilson.murillor@LMEEMURILLO MINGW64 ~/proyecto1 (master)
$ git commit
[master 5daeac1] Agregamos un cambio de edad y asu estatura
 1 file changed, 4 insertions(+), 2 deletions(-)

edilson.murillor@LMEEMURILLO MINGW64 ~/proyecto1 (master)
$ git commit
On branch master
nothing to commit, working tree clean

edilson.murillor@LMEEMURILLO MINGW64 ~/proyecto1 (master)
$ code historia.txt

edilson.murillor@LMEEMURILLO MINGW64 ~/proyecto1 (master)
$ git add .

edilson.murillor@LMEEMURILLO MINGW64 ~/proyecto1 (master)
$ git commit
[master de587df] Agregamos el cargo de la persona
 1 file changed, 3 insertions(+), 1 deletion(-)

edilson.murillor@LMEEMURILLO MINGW64 ~/proyecto1 (master)
$ git show
commit de587df3a334de794d11bc6c3aa50583f9623abf (HEAD -> master)
Author: Edilson <edilmr18@gmail.com>
Date:   Fri May 27 08:15:49 2022 -0500

    Agregamos el cargo de la persona

    La persona es edilson

diff --git a/historia.txt b/historia.txt
index 96e0507..e4e1116 100644
--- a/historia.txt
+++ b/historia.txt
@@ -5,4 +5,6 @@ viviendoen todo el mundo

 hoy hablaremos de su historia

-En camara parece alto, pero la verdad no es tan alto
\ No newline at end of file
+En camara parece alto, pero la verdad no es tan alto
+
+Hoy  sigue siendo vocero de la ficha 2358354
\ No newline at end of file

edilson.murillor@LMEEMURILLO MINGW64 ~/proyecto1 (master)
$ git log historia.txt
commit de587df3a334de794d11bc6c3aa50583f9623abf (HEAD -> master)
Author: Edilson <edilmr18@gmail.com>
Date:   Fri May 27 08:15:49 2022 -0500

    Agregamos el cargo de la persona

    La persona es edilson

commit 5daeac1869a735c2b7958453c8d3712fa68e1c9f
Author: Edilson <edilmr18@gmail.com>
Date:   Fri May 27 08:12:39 2022 -0500

    Agregamos un cambio de edad y asu estatura

commit 4e9fa01217c19844d8e360a3a9fe002823dbe5dc
Author: Edilson <edilmr18@gmail.com>
Date:   Fri May 27 08:02:03 2022 -0500

    Cabios al archivo de historia

commit c1457c9cdf4f2b040015dbccfaef54f183ce7002
Author: Edilson <edilmr18@gmail.com>
Date:   Fri May 27 07:55:51 2022 -0500

    Este es el primer commit de este archivo

commit 250552011b6bbaa598cd3ade837d0f17710d8749
Author: Edilson Murillo Rodriguez <edilson.murillor@cadena.com.co>
Date:   Thu May 26 17:04:18 2022 -0500

    Este es el primer commit de este archivo

edilson.murillor@LMEEMURILLO MINGW64 ~/proyecto1 (master)
$ git diff 5daeac1869a735c2b7958453c8d3712fa68e1c9f
diff --git a/historia.txt b/historia.txt
index 96e0507..e4e1116 100644
--- a/historia.txt
+++ b/historia.txt
@@ -5,4 +5,6 @@ viviendoen todo el mundo

 hoy hablaremos de su historia

-En camara parece alto, pero la verdad no es tan alto
\ No newline at end of file
+En camara parece alto, pero la verdad no es tan alto
+
+Hoy  sigue siendo vocero de la ficha 2358354
\ No newline at end of file

edilson.murillor@LMEEMURILLO MINGW64 ~/proyecto1 (master)
$ git diff 5daeac1869a735c2b7958453c8d3712fa68e1c9f 250552011b6bbaa598cd3ade837d0f17710d8749
diff --git a/historia.txt b/historia.txt
index 96e0507..a541547 100644
--- a/historia.txt
+++ b/historia.txt
@@ -1,8 +1,5 @@
 Esta es la historia de edilson murillo

-Edilson tiene 27 años y nacion en caicedo antioquia colombia,
-viviendoen todo el mundo
+Edilson tiene 26 años y nacion en caicedo antioquia colombia

-hoy hablaremos de su historia
-
-En camara parece alto, pero la verdad no es tan alto
\ No newline at end of file
+hoy hablaremos de su historia
\ No newline at end of file

edilson.murillor@LMEEMURILLO MINGW64 ~/proyecto1 (master)
$ git diff  250552011b6bbaa598cd3ade837d0f17710d87 5daeac1869a735c2b7958453c8d3712fa68e1c9f
diff --git a/historia.txt b/historia.txt
index a541547..96e0507 100644
--- a/historia.txt
+++ b/historia.txt
@@ -1,5 +1,8 @@
 Esta es la historia de edilson murillo

-Edilson tiene 26 años y nacion en caicedo antioquia colombia
+Edilson tiene 27 años y nacion en caicedo antioquia colombia,
+viviendoen todo el mundo

-hoy hablaremos de su historia
\ No newline at end of file
+hoy hablaremos de su historia
+
+En camara parece alto, pero la verdad no es tan alto
\ No newline at end of file

edilson.murillor@LMEEMURILLO MINGW64 ~/proyecto1 (master)
$ git log historia.txt
commit de587df3a334de794d11bc6c3aa50583f9623abf (HEAD -> master)
Author: Edilson <edilmr18@gmail.com>
Date:   Fri May 27 08:15:49 2022 -0500

    Agregamos el cargo de la persona

    La persona es edilson

commit 5daeac1869a735c2b7958453c8d3712fa68e1c9f
Author: Edilson <edilmr18@gmail.com>
Date:   Fri May 27 08:12:39 2022 -0500

    Agregamos un cambio de edad y asu estatura

commit 4e9fa01217c19844d8e360a3a9fe002823dbe5dc
Author: Edilson <edilmr18@gmail.com>
Date:   Fri May 27 08:02:03 2022 -0500

    Cabios al archivo de historia

commit c1457c9cdf4f2b040015dbccfaef54f183ce7002
Author: Edilson <edilmr18@gmail.com>
Date:   Fri May 27 07:55:51 2022 -0500

    Este es el primer commit de este archivo

commit 250552011b6bbaa598cd3ade837d0f17710d8749
Author: Edilson Murillo Rodriguez <edilson.murillor@cadena.com.co>
Date:   Thu May 26 17:04:18 2022 -0500

    Este es el primer commit de este archivo

edilson.murillor@LMEEMURILLO MINGW64 ~/proyecto1 (master)
$ git diff 5daeac1869a735c2b7958453c8d3712fa68e1c9f
diff --git a/historia.txt b/historia.txt
index 96e0507..e4e1116 100644
--- a/historia.txt
+++ b/historia.txt
@@ -5,4 +5,6 @@ viviendoen todo el mundo

 hoy hablaremos de su historia

-En camara parece alto, pero la verdad no es tan alto
\ No newline at end of file
+En camara parece alto, pero la verdad no es tan alto
+
+Hoy  sigue siendo vocero de la ficha 2358354
\ No newline at end of file

edilson.murillor@LMEEMURILLO MINGW64 ~/proyecto1 (master)
$ git diff 5daeac1869a735c2b7958453c8d3712fa68e1c9f de587df3a334de794d11bc6c3aa50583f9623abf
diff --git a/historia.txt b/historia.txt
index 96e0507..e4e1116 100644
--- a/historia.txt
+++ b/historia.txt
@@ -5,4 +5,6 @@ viviendoen todo el mundo

 hoy hablaremos de su historia

-En camara parece alto, pero la verdad no es tan alto
\ No newline at end of file
+En camara parece alto, pero la verdad no es tan alto
+
+Hoy  sigue siendo vocero de la ficha 2358354
\ No newline at end of file

edilson.murillor@LMEEMURILLO MINGW64 ~/proyecto1 (master)
$

edilson.murillor@LMEEMURILLO MINGW64 ~
$ pwd
/c/Users/edilson.murillor

edilson.murillor@LMEEMURILLO MINGW64 ~
$ d:
bash: d:: command not found

edilson.murillor@LMEEMURILLO MINGW64 ~
$ cd d
bash: cd: d: No such file or directory

edilson.murillor@LMEEMURILLO MINGW64 ~
$ cd d:

edilson.murillor@LMEEMURILLO MINGW64 /d
$ ls
'$RECYCLE.BIN'/                      'System Volume Information'/
 FortiClientVPNOnlineInstaller.exe*   edilson.murillor/
'Office 2013'/                        python-3.10.4-amd64.exe*
 OneDriveTemp/

edilson.murillor@LMEEMURILLO MINGW64 /d
$ cd edilson.murillor/

edilson.murillor@LMEEMURILLO MINGW64 /d/edilson.murillor
$ ls
 Desktop/     Downloads/   Music/                   Pictures/
 Documents/   Favorites/  'OneDrive - CADENA SA'/   Videos/

edilson.murillor@LMEEMURILLO MINGW64 /d/edilson.murillor
$ ls -al
total 16
drwxr-xr-x 1 edilson.murillor 1049089 0 May 12 11:39  ./
drwxr-xr-x 1 edilson.murillor 1049089 0 May 23 12:32  ../
drwxr-xr-x 1 edilson.murillor 1049089 0 May 23 10:48  Desktop/
drwxr-xr-x 1 edilson.murillor 1049089 0 May 23 14:53  Documents/
drwxr-xr-x 1 edilson.murillor 1049089 0 May 26 16:36  Downloads/
drwxr-xr-x 1 edilson.murillor 1049089 0 May 12 10:27  Favorites/
drwxr-xr-x 1 edilson.murillor 1049089 0 May 12 10:27  Music/
drwxr-xr-x 1 edilson.murillor 1049089 0 May 26 11:47 'OneDrive - CADENA SA'/
drwxr-xr-x 1 edilson.murillor 1049089 0 May 12 10:44  Pictures/
drwxr-xr-x 1 edilson.murillor 1049089 0 May 25 11:50  Videos/

edilson.murillor@LMEEMURILLO MINGW64 /d/edilson.murillor
$

edilson.murillor@LMEEMURILLO MINGW64 /d/edilson.murillor
$ ls
 Desktop/     Downloads/   Music/                   Pictures/
 Documents/   Favorites/  'OneDrive - CADENA SA'/   Videos/

edilson.murillor@LMEEMURILLO MINGW64 /d/edilson.murillor
$ cd Documents/

edilson.murillor@LMEEMURILLO MINGW64 /d/edilson.murillor/Documents
$ ls
 Cadena/  'Visual Studio 2022'/   cmder/   desktop.ini   pseint/

edilson.murillor@LMEEMURILLO MINGW64 /d/edilson.murillor/Documents
$ cd Cadena/

edilson.murillor@LMEEMURILLO MINGW64 /d/edilson.murillor/Documents/Cadena
$ ls
Python/  pseint/

edilson.murillor@LMEEMURILLO MINGW64 /d/edilson.murillor/Documents/Cadena
$ cd Python/

edilson.murillor@LMEEMURILLO MINGW64 /d/edilson.murillor/Documents/Cadena/Python
$ ls
basico/  git/  pseint_python/

edilson.murillor@LMEEMURILLO MINGW64 /d/edilson.murillor/Documents/Cadena/Python
$ cd git/

edilson.murillor@LMEEMURILLO MINGW64 /d/edilson.murillor/Documents/Cadena/Python/git
$

edilson.murillor@LMEEMURILLO MINGW64 /d/edilson.murillor/Documents/Cadena/Python/git
$ ls
'Nuevo documento de texto.txt'

edilson.murillor@LMEEMURILLO MINGW64 /d/edilson.murillor/Documents/Cadena/Python/git
$ cd

edilson.murillor@LMEEMURILLO MINGW64 ~
$ mkdir proyecto1

edilson.murillor@LMEEMURILLO MINGW64 ~
$ ls
'3D Objects'/
 AppData/
'Configuración local'@
 Contacts/
 Cookies@
'Datos de programa'@
'Entorno de red'@
 Impresoras@
 IntelGraphicsProfiles/
 Links/
'Menú Inicio'@
'Mis documentos'@
 NTUSER.DAT
 NTUSER.DAT{27cdeaec-aeea-11ec-8018-dc4a3e4f6f42}.TM.blf
 NTUSER.DAT{27cdeaec-aeea-11ec-8018-dc4a3e4f6f42}.TMContainer00000000000000000001.regtrans-ms
 NTUSER.DAT{27cdeaec-aeea-11ec-8018-dc4a3e4f6f42}.TMContainer00000000000000000002.regtrans-ms
 OneDrive/
 Plantillas@
 Postman/
 Reciente@
'Saved Games'/
 Searches/
 SendTo@
 eclipse/
 eclipse-workspace/
 ntuser.dat.LOG1
 ntuser.dat.LOG2
 ntuser.ini
 proyecto1/
 pseint/

edilson.murillor@LMEEMURILLO MINGW64 ~
$ cd proyecto1/

edilson.murillor@LMEEMURILLO MINGW64 ~/proyecto1
$ touch vacio.txt

edilson.murillor@LMEEMURILLO MINGW64 ~/proyecto1
$ ls
vacio.txt

edilson.murillor@LMEEMURILLO MINGW64 ~/proyecto1
$ ls -all
total 8
drwxr-xr-x 1 edilson.murillor 1049089 0 May 26 16:49 ./
drwxr-xr-x 1 edilson.murillor 1049089 0 May 26 16:48 ../
-rw-r--r-- 1 edilson.murillor 1049089 0 May 26 16:49 vacio.txt

edilson.murillor@LMEEMURILLO MINGW64 ~/proyecto1
$ cat vacio.txt
mensaje secreto
edilson.murillor@LMEEMURILLO MINGW64 ~/proyecto1
$ hystory
bash: hystory: command not found

edilson.murillor@LMEEMURILLO MINGW64 ~/proyecto1
$ history
    1  ls
    2  cd
    3  pwd
    4  pwd
    5  d:
    6  cd d
    7  cd d:
    8  ls
    9  cd edilson.murillor/
   10  ls
   11  ls -al
   12  ls
   13  cd Documents/
   14  ls
   15  cd Cadena/
   16  ls
   17  cd Python/
   18  ls
   19  cd git/
   20  ls
   21  cd
   22  mkdir proyecto1
   23  ls
   24  cd proyecto1/
   25  touch vacio.txt
   26  ls
   27  ls -all
   28  cat vacio.txt
   29  hystory
   30  history

edilson.murillor@LMEEMURILLO MINGW64 ~/proyecto1
$ !28
cat vacio.txt
mensaje secreto
edilson.murillor@LMEEMURILLO MINGW64 ~/proyecto1
$ history
    1  ls
    2  cd
    3  pwd
    4  pwd
    5  d:
    6  cd d
    7  cd d:
    8  ls
    9  cd edilson.murillor/
   10  ls
   11  ls -al
   12  ls
   13  cd Documents/
   14  ls
   15  cd Cadena/
   16  ls
   17  cd Python/
   18  ls
   19  cd git/
   20  ls
   21  cd
   22  mkdir proyecto1
   23  ls
   24  cd proyecto1/
   25  touch vacio.txt
   26  ls
   27  ls -all
   28  cat vacio.txt
   29  hystory
   30  history
   31  cat vacio.txt
   32  history

edilson.murillor@LMEEMURILLO MINGW64 ~/proyecto1
$ rm vacio.txt

edilson.murillor@LMEEMURILLO MINGW64 ~/proyecto1
$ ls

edilson.murillor@LMEEMURILLO MINGW64 ~/proyecto1
$ rm --help
Usage: rm [OPTION]... [FILE]...
Remove (unlink) the FILE(s).

  -f, --force           ignore nonexistent files and arguments, never prompt
  -i                    prompt before every removal
  -I                    prompt once before removing more than three files, or
                          when removing recursively; less intrusive than -i,
                          while still giving protection against most mistakes
      --interactive[=WHEN]  prompt according to WHEN: never, once (-I), or
                          always (-i); without WHEN, prompt always
      --one-file-system  when removing a hierarchy recursively, skip any
                          directory that is on a file system different from
                          that of the corresponding command line argument
      --no-preserve-root  do not treat '/' specially
      --preserve-root[=all]  do not remove '/' (default);
                              with 'all', reject any command line argument
                              on a separate device from its parent
  -r, -R, --recursive   remove directories and their contents recursively
  -d, --dir             remove empty directories
  -v, --verbose         explain what is being done
      --help     display this help and exit
      --version  output version information and exit

By default, rm does not remove directories.  Use the --recursive (-r or -R)
option to remove each listed directory, too, along with all of its contents.

To remove a file whose name starts with a '-', for example '-foo',
use one of these commands:
  rm -- -foo

  rm ./-foo

Note that if you use rm to remove a file, it might be possible to recover
some of its contents, given sufficient expertise and/or time.  For greater
assurance that the contents are truly unrecoverable, consider using shred.

GNU coreutils online help: <https://www.gnu.org/software/coreutils/>
Report any translation bugs to <https://translationproject.org/team/>
Full documentation <https://www.gnu.org/software/coreutils/rm>
or available locally via: info '(coreutils) rm invocation'

edilson.murillor@LMEEMURILLO MINGW64 ~/proyecto1
$

edilson.murillor@LMEEMURILLO MINGW64 ~/proyecto1
$ pwd
/c/Users/edilson.murillor/proyecto1

edilson.murillor@LMEEMURILLO MINGW64 ~/proyecto1
$ git init
Initialized empty Git repository in C:/Users/edilson.murillor/proyecto1/.git/

edilson.murillor@LMEEMURILLO MINGW64 ~/proyecto1 (master)
$ ls -al
total 12
drwxr-xr-x 1 edilson.murillor 1049089 0 May 26 16:55 ./
drwxr-xr-x 1 edilson.murillor 1049089 0 May 26 16:48 ../
drwxr-xr-x 1 edilson.murillor 1049089 0 May 26 16:55 .git/

edilson.murillor@LMEEMURILLO MINGW64 ~/proyecto1 (master)
$ git status
On branch master

No commits yet

Untracked files:
  (use "git add <file>..." to include in what will be committed)
        historia.txt

nothing added to commit but untracked files present (use "git add" to track)

edilson.murillor@LMEEMURILLO MINGW64 ~/proyecto1 (master)
$ git add historia.txt

edilson.murillor@LMEEMURILLO MINGW64 ~/proyecto1 (master)
$ git status
On branch master

No commits yet

Changes to be committed:
  (use "git rm --cached <file>..." to unstage)
        new file:   historia.txt


edilson.murillor@LMEEMURILLO MINGW64 ~/proyecto1 (master)
$ git rm historia.txt
error: the following file has changes staged in the index:
    historia.txt
(use --cached to keep the file, or -f to force removal)

edilson.murillor@LMEEMURILLO MINGW64 ~/proyecto1 (master)
$ git rm --cached historia.txt
rm 'historia.txt'

edilson.murillor@LMEEMURILLO MINGW64 ~/proyecto1 (master)
$ status
bash: status: command not found

edilson.murillor@LMEEMURILLO MINGW64 ~/proyecto1 (master)
$ git status
On branch master

No commits yet

Untracked files:
  (use "git add <file>..." to include in what will be committed)
        historia.txt

nothing added to commit but untracked files present (use "git add" to track)

edilson.murillor@LMEEMURILLO MINGW64 ~/proyecto1 (master)
$ git add historia.txt

edilson.murillor@LMEEMURILLO MINGW64 ~/proyecto1 (master)
$ git status
On branch master

No commits yet

Changes to be committed:
  (use "git rm --cached <file>..." to unstage)
        new file:   historia.txt


edilson.murillor@LMEEMURILLO MINGW64 ~/proyecto1 (master)
$ git commit -m "Este es el primer commit de este archivo"
[master (root-commit) 2505520] Este es el primer commit de este archivo
 Committer: Edilson Murillo Rodriguez <edilson.murillor@cadena.com.co>
Your name and email address were configured automatically based
on your username and hostname. Please check that they are accurate.
You can suppress this message by setting them explicitly. Run the
following command and follow the instructions in your editor to edit
your configuration file:

    git config --global --edit

After doing this, you may fix the identity used for this commit with:

    git commit --amend --reset-author

 1 file changed, 5 insertions(+)
 create mode 100644 historia.txt

edilson.murillor@LMEEMURILLO MINGW64 ~/proyecto1 (master)
$ git config
usage: git config [<options>]

Config file location
    --global              use global config file
    --system              use system config file
    --local               use repository config file
    --worktree            use per-worktree config file
    -f, --file <file>     use given config file
    --blob <blob-id>      read config from given blob object

Action
    --get                 get value: name [value-pattern]
    --get-all             get all values: key [value-pattern]
    --get-regexp          get values for regexp: name-regex [value-pattern]
    --get-urlmatch        get value specific for the URL: section[.var] URL
    --replace-all         replace all matching variables: name value [value-pattern]
    --add                 add a new variable: name value
    --unset               remove a variable: name [value-pattern]
    --unset-all           remove all matches: name [value-pattern]
    --rename-section      rename section: old-name new-name
    --remove-section      remove a section: name
    -l, --list            list all
    --fixed-value         use string equality when comparing values to 'value-pattern'
    -e, --edit            open an editor
    --get-color           find the color configured: slot [default]
    --get-colorbool       find the color setting: slot [stdout-is-tty]

Type
    -t, --type <type>     value is given this type
    --bool                value is "true" or "false"
    --int                 value is decimal number
    --bool-or-int         value is --bool or --int
    --bool-or-str         value is --bool or string
    --path                value is a path (file or directory name)
    --expiry-date         value is an expiry date

Other
    -z, --null            terminate values with NUL byte
    --name-only           show variable names only
    --includes            respect include directives on lookup
    --show-origin         show origin of config (file, standard input, blob, command line)
    --show-scope          show scope of config (worktree, local, global, system, command)
    --default <value>     with --get, use default value when missing entry


edilson.murillor@LMEEMURILLO MINGW64 ~/proyecto1 (master)
$ git config --list
diff.astextplain.textconv=astextplain
filter.lfs.clean=git-lfs clean -- %f
filter.lfs.smudge=git-lfs smudge -- %f
filter.lfs.process=git-lfs filter-process
filter.lfs.required=true
http.sslbackend=openssl
http.sslcainfo=C:/Users/edilson.murillor/AppData/Local/Programs/Git/mingw64/ssl/certs/ca-bundle.crt
core.autocrlf=true
core.fscache=true
core.symlinks=false
pull.rebase=false
credential.helper=manager-core
credential.https://dev.azure.com.usehttppath=true
init.defaultbranch=master
core.repositoryformatversion=0
core.filemode=false
core.bare=false
core.logallrefupdates=true
core.symlinks=false
core.ignorecase=true

edilson.murillor@LMEEMURILLO MINGW64 ~/proyecto1 (master)
$ git config --list --show-origin
file:C:/Users/edilson.murillor/AppData/Local/Programs/Git/etc/gitconfig diff.astextplain.textconv=astextplain
file:C:/Users/edilson.murillor/AppData/Local/Programs/Git/etc/gitconfig filter.lfs.clean=git-lfs clean -- %f
file:C:/Users/edilson.murillor/AppData/Local/Programs/Git/etc/gitconfig filter.lfs.smudge=git-lfs smudge -- %f
file:C:/Users/edilson.murillor/AppData/Local/Programs/Git/etc/gitconfig filter.lfs.process=git-lfs filter-process
file:C:/Users/edilson.murillor/AppData/Local/Programs/Git/etc/gitconfig filter.lfs.required=true
file:C:/Users/edilson.murillor/AppData/Local/Programs/Git/etc/gitconfig http.sslbackend=openssl
file:C:/Users/edilson.murillor/AppData/Local/Programs/Git/etc/gitconfig http.sslcainfo=C:/Users/edilson.murillor/AppData/Local/Programs/Git/mingw64/ssl/certs/ca-bundle.crt
file:C:/Users/edilson.murillor/AppData/Local/Programs/Git/etc/gitconfig core.autocrlf=true
file:C:/Users/edilson.murillor/AppData/Local/Programs/Git/etc/gitconfig core.fscache=true
file:C:/Users/edilson.murillor/AppData/Local/Programs/Git/etc/gitconfig core.symlinks=false
file:C:/Users/edilson.murillor/AppData/Local/Programs/Git/etc/gitconfig pull.rebase=false
file:C:/Users/edilson.murillor/AppData/Local/Programs/Git/etc/gitconfig credential.helper=manager-core
file:C:/Users/edilson.murillor/AppData/Local/Programs/Git/etc/gitconfig credential.https://dev.azure.com.usehttppath=true
file:C:/Users/edilson.murillor/AppData/Local/Programs/Git/etc/gitconfig init.defaultbranch=master
file:.git/config        core.repositoryformatversion=0
file:.git/config        core.filemode=false
file:.git/config        core.bare=false
file:.git/config        core.logallrefupdates=true
file:.git/config        core.symlinks=false
file:.git/config        core.ignorecase=true

edilson.murillor@LMEEMURILLO MINGW64 ~/proyecto1 (master)
$ git config --global
usage: git config [<options>]

Config file location
    --global              use global config file
    --system              use system config file
    --local               use repository config file
    --worktree            use per-worktree config file
    -f, --file <file>     use given config file
    --blob <blob-id>      read config from given blob object

Action
    --get                 get value: name [value-pattern]
    --get-all             get all values: key [value-pattern]
    --get-regexp          get values for regexp: name-regex [value-pattern]
    --get-urlmatch        get value specific for the URL: section[.var] URL
    --replace-all         replace all matching variables: name value [value-pattern]
    --add                 add a new variable: name value
    --unset               remove a variable: name [value-pattern]
    --unset-all           remove all matches: name [value-pattern]
    --rename-section      rename section: old-name new-name
    --remove-section      remove a section: name
    -l, --list            list all
    --fixed-value         use string equality when comparing values to 'value-pattern'
    -e, --edit            open an editor
    --get-color           find the color configured: slot [default]
    --get-colorbool       find the color setting: slot [stdout-is-tty]

Type
    -t, --type <type>     value is given this type
    --bool                value is "true" or "false"
    --int                 value is decimal number
    --bool-or-int         value is --bool or --int
    --bool-or-str         value is --bool or string
    --path                value is a path (file or directory name)
    --expiry-date         value is an expiry date

Other
    -z, --null            terminate values with NUL byte
    --name-only           show variable names only
    --includes            respect include directives on lookup
    --show-origin         show origin of config (file, standard input, blob, command line)
    --show-scope          show scope of config (worktree, local, global, system, command)
    --default <value>     with --get, use default value when missing entry


edilson.murillor@LMEEMURILLO MINGW64 ~/proyecto1 (master)
$ git config --global user.name "Edilson"

edilson.murillor@LMEEMURILLO MINGW64 ~/proyecto1 (master)
$ git config --global user.email "edilmr18@gmail.com"

edilson.murillor@LMEEMURILLO MINGW64 ~/proyecto1 (master)
$ git config --list
diff.astextplain.textconv=astextplain
filter.lfs.clean=git-lfs clean -- %f
filter.lfs.smudge=git-lfs smudge -- %f
filter.lfs.process=git-lfs filter-process
filter.lfs.required=true
http.sslbackend=openssl
http.sslcainfo=C:/Users/edilson.murillor/AppData/Local/Programs/Git/mingw64/ssl/certs/ca-bundle.crt
core.autocrlf=true
core.fscache=true
core.symlinks=false
pull.rebase=false
credential.helper=manager-core
credential.https://dev.azure.com.usehttppath=true
init.defaultbranch=master
user.name=Edilson
user.email=edilmr18@gmail.com
core.repositoryformatversion=0
core.filemode=false
core.bare=false
core.logallrefupdates=true
core.symlinks=false
core.ignorecase=true

edilson.murillor@LMEEMURILLO MINGW64 ~/proyecto1 (master)
$ git status
On branch master
nothing to commit, working tree clean

edilson.murillor@LMEEMURILLO MINGW64 ~/proyecto1 (master)
$ git commit -m "Este es el primer commit de este archivo"
On branch master
nothing to commit, working tree clean

edilson.murillor@LMEEMURILLO MINGW64 ~/proyecto1 (master)
$ git add historia.txt

edilson.murillor@LMEEMURILLO MINGW64 ~/proyecto1 (master)
$ git status
On branch master
nothing to commit, working tree clean

edilson.murillor@LMEEMURILLO MINGW64 ~/proyecto1 (master)
$ git add historia.txt

edilson.murillor@LMEEMURILLO MINGW64 ~/proyecto1 (master)
$ git status
On branch master
nothing to commit, working tree clean

edilson.murillor@LMEEMURILLO MINGW64 ~/proyecto1 (master)
$ git add historia.txt

edilson.murillor@LMEEMURILLO MINGW64 ~/proyecto1 (master)
$ git status
On branch master
nothing to commit, working tree clean

edilson.murillor@LMEEMURILLO MINGW64 ~/proyecto1 (master)
$ ls -al
total 13
drwxr-xr-x 1 edilson.murillor 1049089   0 May 26 16:59 ./
drwxr-xr-x 1 edilson.murillor 1049089   0 May 27 07:48 ../
drwxr-xr-x 1 edilson.murillor 1049089   0 May 27 07:51 .git/
-rw-r--r-- 1 edilson.murillor 1049089 136 May 26 17:00 historia.txt

edilson.murillor@LMEEMURILLO MINGW64 ~/proyecto1 (master)
$ history
    1  ls
    2  cd
    3  pwd
    4  pwd
    5  d:
    6  cd d
    7  cd d:
    8  ls
    9  cd edilson.murillor/
   10  ls
   11  ls -al
   12  ls
   13  cd Documents/
   14  ls
   15  cd Cadena/
   16  ls
   17  cd Python/
   18  ls
   19  cd git/
   20  ls
   21  cd
   22  mkdir proyecto1
   23  ls
   24  cd proyecto1/
   25  touch vacio.txt
   26  ls
   27  ls -all
   28  cat vacio.txt
   29  hystory
   30  history
   31  cat vacio.txt
   32  history
   33  rm vacio.txt
   34  ls
   35  rm --help
   36  pwd
   37  git init
   38  ls -al
   39  git status
   40  git add historia.txt
   41  git status
   42  git rm historia.txt
   43  git rm --cached historia.txt
   44  status
   45  git status
   46  git add historia.txt
   47  git status
   48  git commit -m "Este es el primer commit de este archivo"
   49  git config
   50  git config --list
   51  git config --list --show-origin
   52  git config --global
   53  git config --global user.name "Edilson"
   54  git config --global user.email "edilmr18@gmail.com"
   55  git config --list
   56  git status
   57  git commit -m "Este es el primer commit de este archivo"
   58  git add historia.txt
   59  git status
   60  git add historia.txt
   61  git status
   62  git add historia.txt
   63  git status
   64  ls -al
   65  history

edilson.murillor@LMEEMURILLO MINGW64 ~/proyecto1 (master)
$ git init
Reinitialized existing Git repository in C:/Users/edilson.murillor/proyecto1/.git/

edilson.murillor@LMEEMURILLO MINGW64 ~/proyecto1 (master)
$ git status
On branch master
nothing to commit, working tree clean

edilson.murillor@LMEEMURILLO MINGW64 ~/proyecto1 (master)
$ git add historia.txt

edilson.murillor@LMEEMURILLO MINGW64 ~/proyecto1 (master)
$ git status
On branch master
nothing to commit, working tree clean

edilson.murillor@LMEEMURILLO MINGW64 ~/proyecto1 (master)
$ !43
git rm --cached historia.txt
rm 'historia.txt'

edilson.murillor@LMEEMURILLO MINGW64 ~/proyecto1 (master)
$ git status
On branch master
Changes to be committed:
  (use "git restore --staged <file>..." to unstage)
        deleted:    historia.txt

Untracked files:
  (use "git add <file>..." to include in what will be committed)
        historia.txt


edilson.murillor@LMEEMURILLO MINGW64 ~/proyecto1 (master)
$ git add historia.txt

edilson.murillor@LMEEMURILLO MINGW64 ~/proyecto1 (master)
$ git status
On branch master
nothing to commit, working tree clean

edilson.murillor@LMEEMURILLO MINGW64 ~/proyecto1 (master)
$ git rm --cached historia.txt
rm 'historia.txt'

edilson.murillor@LMEEMURILLO MINGW64 ~/proyecto1 (master)
$ git status
On branch master
Changes to be committed:
  (use "git restore --staged <file>..." to unstage)
        deleted:    historia.txt

Untracked files:
  (use "git add <file>..." to include in what will be committed)
        historia.txt


edilson.murillor@LMEEMURILLO MINGW64 ~/proyecto1 (master)
$ git commit -m "Este es el primer commit de este archivo"
[master c1457c9] Este es el primer commit de este archivo
 1 file changed, 5 deletions(-)
 delete mode 100644 historia.txt

edilson.murillor@LMEEMURILLO MINGW64 ~/proyecto1 (master)
$ cat historia.txt
Esta es la historia de edilson murillo

Edilson tiene 26 años y nacion en caicedo antioquia colombia

hoy hablaremos de su historia
edilson.murillor@LMEEMURILLO MINGW64 ~/proyecto1 (master)
$ code historia.txt

edilson.murillor@LMEEMURILLO MINGW64 ~/proyecto1 (master)
$ git status
On branch master
Untracked files:
  (use "git add <file>..." to include in what will be committed)
        historia.txt

nothing added to commit but untracked files present (use "git add" to track)

edilson.murillor@LMEEMURILLO MINGW64 ~/proyecto1 (master)
$ git commit -m "Cabios al archivo de historia"
On branch master
Untracked files:
  (use "git add <file>..." to include in what will be committed)
        historia.txt

nothing added to commit but untracked files present (use "git add" to track)

edilson.murillor@LMEEMURILLO MINGW64 ~/proyecto1 (master)
$ git add .

edilson.murillor@LMEEMURILLO MINGW64 ~/proyecto1 (master)
$ git commit -m "Cabios al archivo de historia"
[master 4e9fa01] Cabios al archivo de historia
 1 file changed, 6 insertions(+)
 create mode 100644 historia.txt

edilson.murillor@LMEEMURILLO MINGW64 ~/proyecto1 (master)
$ git status
On branch master
nothing to commit, working tree clean

edilson.murillor@LMEEMURILLO MINGW64 ~/proyecto1 (master)
$ git log historia.txt
commit 4e9fa01217c19844d8e360a3a9fe002823dbe5dc (HEAD -> master)
Author: Edilson <edilmr18@gmail.com>
Date:   Fri May 27 08:02:03 2022 -0500

    Cabios al archivo de historia

commit c1457c9cdf4f2b040015dbccfaef54f183ce7002
Author: Edilson <edilmr18@gmail.com>
Date:   Fri May 27 07:55:51 2022 -0500

    Este es el primer commit de este archivo

commit 250552011b6bbaa598cd3ade837d0f17710d8749
Author: Edilson Murillo Rodriguez <edilson.murillor@cadena.com.co>
Date:   Thu May 26 17:04:18 2022 -0500

    Este es el primer commit de este archivo

edilson.murillor@LMEEMURILLO MINGW64 ~/proyecto1 (master)
$ git show historia.txt
commit 4e9fa01217c19844d8e360a3a9fe002823dbe5dc (HEAD -> master)
Author: Edilson <edilmr18@gmail.com>
Date:   Fri May 27 08:02:03 2022 -0500

    Cabios al archivo de historia

diff --git a/historia.txt b/historia.txt
new file mode 100644
index 0000000..ac7e4ec
--- /dev/null
+++ b/historia.txt
@@ -0,0 +1,6 @@
+Esta es la historia de edilson murillo
+
+Edilson tiene 26 años y nacion en caicedo antioquia colombia,
+viviendoen todo el mundo
+
+hoy hablaremos de su historia
\ No newline at end of file

edilson.murillor@LMEEMURILLO MINGW64 ~/proyecto1 (master)
$

edilson.murillor@LMEEMURILLO MINGW64 ~/proyecto1 (master)
$ pwd
/c/Users/edilson.murillor/proyecto1

edilson.murillor@LMEEMURILLO MINGW64 ~/proyecto1 (master)
$ ls
historia.txt

edilson.murillor@LMEEMURILLO MINGW64 ~/proyecto1 (master)
$ code historia.txt

edilson.murillor@LMEEMURILLO MINGW64 ~/proyecto1 (master)
$ git add .

edilson.murillor@LMEEMURILLO MINGW64 ~/proyecto1 (master)
$ git commit
[master 5daeac1] Agregamos un cambio de edad y asu estatura
 1 file changed, 4 insertions(+), 2 deletions(-)

edilson.murillor@LMEEMURILLO MINGW64 ~/proyecto1 (master)
$ git commit
On branch master
nothing to commit, working tree clean

edilson.murillor@LMEEMURILLO MINGW64 ~/proyecto1 (master)
$ code historia.txt

edilson.murillor@LMEEMURILLO MINGW64 ~/proyecto1 (master)
$ git add .

edilson.murillor@LMEEMURILLO MINGW64 ~/proyecto1 (master)
$ git commit
[master de587df] Agregamos el cargo de la persona
 1 file changed, 3 insertions(+), 1 deletion(-)

edilson.murillor@LMEEMURILLO MINGW64 ~/proyecto1 (master)
$ git show
commit de587df3a334de794d11bc6c3aa50583f9623abf (HEAD -> master)
Author: Edilson <edilmr18@gmail.com>
Date:   Fri May 27 08:15:49 2022 -0500

    Agregamos el cargo de la persona

    La persona es edilson

diff --git a/historia.txt b/historia.txt
index 96e0507..e4e1116 100644
--- a/historia.txt
+++ b/historia.txt
@@ -5,4 +5,6 @@ viviendoen todo el mundo

 hoy hablaremos de su historia

-En camara parece alto, pero la verdad no es tan alto
\ No newline at end of file
+En camara parece alto, pero la verdad no es tan alto
+
+Hoy  sigue siendo vocero de la ficha 2358354
\ No newline at end of file

edilson.murillor@LMEEMURILLO MINGW64 ~/proyecto1 (master)
$ git log historia.txt
commit de587df3a334de794d11bc6c3aa50583f9623abf (HEAD -> master)
Author: Edilson <edilmr18@gmail.com>
Date:   Fri May 27 08:15:49 2022 -0500

    Agregamos el cargo de la persona

    La persona es edilson

commit 5daeac1869a735c2b7958453c8d3712fa68e1c9f
Author: Edilson <edilmr18@gmail.com>
Date:   Fri May 27 08:12:39 2022 -0500

    Agregamos un cambio de edad y asu estatura

commit 4e9fa01217c19844d8e360a3a9fe002823dbe5dc
Author: Edilson <edilmr18@gmail.com>
Date:   Fri May 27 08:02:03 2022 -0500

    Cabios al archivo de historia

commit c1457c9cdf4f2b040015dbccfaef54f183ce7002
Author: Edilson <edilmr18@gmail.com>
Date:   Fri May 27 07:55:51 2022 -0500

    Este es el primer commit de este archivo

commit 250552011b6bbaa598cd3ade837d0f17710d8749
Author: Edilson Murillo Rodriguez <edilson.murillor@cadena.com.co>
Date:   Thu May 26 17:04:18 2022 -0500

    Este es el primer commit de este archivo

edilson.murillor@LMEEMURILLO MINGW64 ~/proyecto1 (master)
$ git diff 5daeac1869a735c2b7958453c8d3712fa68e1c9f
diff --git a/historia.txt b/historia.txt
index 96e0507..e4e1116 100644
--- a/historia.txt
+++ b/historia.txt
@@ -5,4 +5,6 @@ viviendoen todo el mundo

 hoy hablaremos de su historia

-En camara parece alto, pero la verdad no es tan alto
\ No newline at end of file
+En camara parece alto, pero la verdad no es tan alto
+
+Hoy  sigue siendo vocero de la ficha 2358354
\ No newline at end of file

edilson.murillor@LMEEMURILLO MINGW64 ~/proyecto1 (master)
$ git diff 5daeac1869a735c2b7958453c8d3712fa68e1c9f 250552011b6bbaa598cd3ade837d0f17710d8749
diff --git a/historia.txt b/historia.txt
index 96e0507..a541547 100644
--- a/historia.txt
+++ b/historia.txt
@@ -1,8 +1,5 @@
 Esta es la historia de edilson murillo

-Edilson tiene 27 años y nacion en caicedo antioquia colombia,
-viviendoen todo el mundo
+Edilson tiene 26 años y nacion en caicedo antioquia colombia

-hoy hablaremos de su historia
-
-En camara parece alto, pero la verdad no es tan alto
\ No newline at end of file
+hoy hablaremos de su historia
\ No newline at end of file

edilson.murillor@LMEEMURILLO MINGW64 ~/proyecto1 (master)
$ git diff  250552011b6bbaa598cd3ade837d0f17710d87 5daeac1869a735c2b7958453c8d3712fa68e1c9f
diff --git a/historia.txt b/historia.txt
index a541547..96e0507 100644
--- a/historia.txt
+++ b/historia.txt
@@ -1,5 +1,8 @@
 Esta es la historia de edilson murillo

-Edilson tiene 26 años y nacion en caicedo antioquia colombia
+Edilson tiene 27 años y nacion en caicedo antioquia colombia,
+viviendoen todo el mundo

-hoy hablaremos de su historia
\ No newline at end of file
+hoy hablaremos de su historia
+
+En camara parece alto, pero la verdad no es tan alto
\ No newline at end of file

edilson.murillor@LMEEMURILLO MINGW64 ~/proyecto1 (master)
$ git log historia.txt
commit de587df3a334de794d11bc6c3aa50583f9623abf (HEAD -> master)
Author: Edilson <edilmr18@gmail.com>
Date:   Fri May 27 08:15:49 2022 -0500

    Agregamos el cargo de la persona

    La persona es edilson

commit 5daeac1869a735c2b7958453c8d3712fa68e1c9f
Author: Edilson <edilmr18@gmail.com>
Date:   Fri May 27 08:12:39 2022 -0500

    Agregamos un cambio de edad y asu estatura

commit 4e9fa01217c19844d8e360a3a9fe002823dbe5dc
Author: Edilson <edilmr18@gmail.com>
Date:   Fri May 27 08:02:03 2022 -0500

    Cabios al archivo de historia

commit c1457c9cdf4f2b040015dbccfaef54f183ce7002
Author: Edilson <edilmr18@gmail.com>
Date:   Fri May 27 07:55:51 2022 -0500

    Este es el primer commit de este archivo

commit 250552011b6bbaa598cd3ade837d0f17710d8749
Author: Edilson Murillo Rodriguez <edilson.murillor@cadena.com.co>
Date:   Thu May 26 17:04:18 2022 -0500

    Este es el primer commit de este archivo

edilson.murillor@LMEEMURILLO MINGW64 ~/proyecto1 (master)
$ git diff 5daeac1869a735c2b7958453c8d3712fa68e1c9f
diff --git a/historia.txt b/historia.txt
index 96e0507..e4e1116 100644
--- a/historia.txt
+++ b/historia.txt
@@ -5,4 +5,6 @@ viviendoen todo el mundo

 hoy hablaremos de su historia

-En camara parece alto, pero la verdad no es tan alto
\ No newline at end of file
+En camara parece alto, pero la verdad no es tan alto
+
+Hoy  sigue siendo vocero de la ficha 2358354
\ No newline at end of file

edilson.murillor@LMEEMURILLO MINGW64 ~/proyecto1 (master)
$ git diff 5daeac1869a735c2b7958453c8d3712fa68e1c9f de587df3a334de794d11bc6c3aa50583f9623abf
diff --git a/historia.txt b/historia.txt
index 96e0507..e4e1116 100644
--- a/historia.txt
+++ b/historia.txt
@@ -5,4 +5,6 @@ viviendoen todo el mundo

 hoy hablaremos de su historia

-En camara parece alto, pero la verdad no es tan alto
\ No newline at end of file
+En camara parece alto, pero la verdad no es tan alto
+
+Hoy  sigue siendo vocero de la ficha 2358354
\ No newline at end of file

edilson.murillor@LMEEMURILLO MINGW64 ~/proyecto1 (master)
$

edilson.murillor@LMEEMURILLO MINGW64 ~/proyecto1 (master)
$ git log
commit de587df3a334de794d11bc6c3aa50583f9623abf (HEAD -> master)
Author: Edilson <edilmr18@gmail.com>
Date:   Fri May 27 08:15:49 2022 -0500

    Agregamos el cargo de la persona

    La persona es edilson

commit 5daeac1869a735c2b7958453c8d3712fa68e1c9f
Author: Edilson <edilmr18@gmail.com>
Date:   Fri May 27 08:12:39 2022 -0500

    Agregamos un cambio de edad y asu estatura

commit 4e9fa01217c19844d8e360a3a9fe002823dbe5dc
Author: Edilson <edilmr18@gmail.com>
Date:   Fri May 27 08:02:03 2022 -0500

    Cabios al archivo de historia

commit c1457c9cdf4f2b040015dbccfaef54f183ce7002
Author: Edilson <edilmr18@gmail.com>
Date:   Fri May 27 07:55:51 2022 -0500

    Este es el primer commit de este archivo

commit 250552011b6bbaa598cd3ade837d0f17710d8749
Author: Edilson Murillo Rodriguez <edilson.murillor@cadena.com.co>
Date:   Thu May 26 17:04:18 2022 -0500

    Este es el primer commit de este archivo

edilson.murillor@LMEEMURILLO MINGW64 ~/proyecto1 (master)
$ git reset 250552011b6bbaa598cd3ade837d0f17710d8749
Unstaged changes after reset:
M       historia.txt

edilson.murillor@LMEEMURILLO MINGW64 ~/proyecto1 (master)
$ git reset 250552011b6bbaa598cd3ade837d0f17710d8749 --hard
HEAD is now at 2505520 Este es el primer commit de este archivo

edilson.murillor@LMEEMURILLO MINGW64 ~/proyecto1 (master)
$ code historia.txt

edilson.murillor@LMEEMURILLO MINGW64 ~/proyecto1 (master)
$ git log
commit 250552011b6bbaa598cd3ade837d0f17710d8749 (HEAD -> master)
Author: Edilson Murillo Rodriguez <edilson.murillor@cadena.com.co>
Date:   Thu May 26 17:04:18 2022 -0500

    Este es el primer commit de este archivo

edilson.murillor@LMEEMURILLO MINGW64 ~/proyecto1 (master)
$ git status
On branch master
Untracked files:
  (use "git add <file>..." to include in what will be committed)
        blogpost.html
        codigos27-05-22.txt

nothing added to commit but untracked files present (use "git add" to track)

edilson.murillor@LMEEMURILLO MINGW64 ~/proyecto1 (master)
$ ls
blogpost.html  codigos27-05-22.txt  historia.txt

edilson.murillor@LMEEMURILLO MINGW64 ~/proyecto1 (master)
$ ls -al
total 54
drwxr-xr-x 1 edilson.murillor 1049089     0 May 27 08:40 ./
drwxr-xr-x 1 edilson.murillor 1049089     0 May 27 08:38 ../
drwxr-xr-x 1 edilson.murillor 1049089     0 May 27 08:41 .git/
-rw-r--r-- 1 edilson.murillor 1049089   356 May 27 08:41 blogpost.html
-rw-r--r-- 1 edilson.murillor 1049089 32755 May 27 08:25 codigos27-05-22.txt
-rw-r--r-- 1 edilson.murillor 1049089   136 May 27 08:37 historia.txt

edilson.murillor@LMEEMURILLO MINGW64 ~/proyecto1 (master)
$ git add.
git: 'add.' is not a git command. See 'git --help'.

The most similar command is
        add

edilson.murillor@LMEEMURILLO MINGW64 ~/proyecto1 (master)
$ git status
On branch master
Untracked files:
  (use "git add <file>..." to include in what will be committed)
        blogpost.html
        codigos27-05-22.txt

nothing added to commit but untracked files present (use "git add" to track)

edilson.murillor@LMEEMURILLO MINGW64 ~/proyecto1 (master)
$ git status
On branch master
Untracked files:
  (use "git add <file>..." to include in what will be committed)
        blogpost.html
        codigos27-05-22.txt
        css/

nothing added to commit but untracked files present (use "git add" to track)

edilson.murillor@LMEEMURILLO MINGW64 ~/proyecto1 (master)
$ git diff

edilson.murillor@LMEEMURILLO MINGW64 ~/proyecto1 (master)
$ git diff

edilson.murillor@LMEEMURILLO MINGW64 ~/proyecto1 (master)
$ git status
On branch master
Untracked files:
  (use "git add <file>..." to include in what will be committed)
        blogpost.html
        codigos27-05-22.txt

nothing added to commit but untracked files present (use "git add" to track)

edilson.murillor@LMEEMURILLO MINGW64 ~/proyecto1 (master)
$ git add .

edilson.murillor@LMEEMURILLO MINGW64 ~/proyecto1 (master)
$ git status
On branch master
Changes to be committed:
  (use "git restore --staged <file>..." to unstage)
        new file:   blogpost.html
        new file:   codigos27-05-22.txt


edilson.murillor@LMEEMURILLO MINGW64 ~/proyecto1 (master)
$ git status
On branch master
Changes to be committed:
  (use "git restore --staged <file>..." to unstage)
        new file:   blogpost.html
        new file:   codigos27-05-22.txt

Untracked files:
  (use "git add <file>..." to include in what will be committed)
        css/


edilson.murillor@LMEEMURILLO MINGW64 ~/proyecto1 (master)
$ git diff

edilson.murillor@LMEEMURILLO MINGW64 ~/proyecto1 (master)
$ git add .

edilson.murillor@LMEEMURILLO MINGW64 ~/proyecto1 (master)
$ git status
On branch master
Changes to be committed:
  (use "git restore --staged <file>..." to unstage)
        new file:   blogpost.html
        new file:   codigos27-05-22.txt
        new file:   css/estilos.css


edilson.murillor@LMEEMURILLO MINGW64 ~/proyecto1 (master)
$ git diff

edilson.murillor@LMEEMURILLO MINGW64 ~/proyecto1 (master)
$ git commit - m "Arranco mi proyecto real co html y css"
error: pathspec '-' did not match any file(s) known to git
error: pathspec 'm' did not match any file(s) known to git
error: pathspec 'Arranco mi proyecto real co html y css' did not match any file(s) known to git

edilson.murillor@LMEEMURILLO MINGW64 ~/proyecto1 (master)
$ git commit -m "Arranco mi proyecto real co html y css"
[master cb7764e] Arranco mi proyecto real co html y css
 3 files changed, 1043 insertions(+)
 create mode 100644 blogpost.html
 create mode 100644 codigos27-05-22.txt
 create mode 100644 css/estilos.css

edilson.murillor@LMEEMURILLO MINGW64 ~/proyecto1 (master)
$ git log
commit cb7764ebdc4a6d28b36085884f1a39e4047a1a63 (HEAD -> master)
Author: Edilson <edilmr18@gmail.com>
Date:   Fri May 27 08:51:30 2022 -0500

    Arranco mi proyecto real co html y css

commit 250552011b6bbaa598cd3ade837d0f17710d8749
Author: Edilson Murillo Rodriguez <edilson.murillor@cadena.com.co>
Date:   Thu May 26 17:04:18 2022 -0500

    Este es el primer commit de este archivo

edilson.murillor@LMEEMURILLO MINGW64 ~/proyecto1 (master)
$ git add .

edilson.murillor@LMEEMURILLO MINGW64 ~/proyecto1 (master)
$ git commit -m "cambio de vida"
[master abe97b5] cambio de vida
 1 file changed, 1 insertion(+), 1 deletion(-)

edilson.murillor@LMEEMURILLO MINGW64 ~/proyecto1 (master)
$ git add .

edilson.murillor@LMEEMURILLO MINGW64 ~/proyecto1 (master)
$ git commit -m "cambio de maestria"
[master 4d6361e] cambio de maestria
 1 file changed, 1 insertion(+), 1 deletion(-)

edilson.murillor@LMEEMURILLO MINGW64 ~/proyecto1 (master)
$ git log
commit 4d6361e8621c1b3e1d303eb737e5a8b289de7b78 (HEAD -> master)
Author: Edilson <edilmr18@gmail.com>
Date:   Fri May 27 08:52:55 2022 -0500

    cambio de maestria

commit abe97b5d62e79f26d93d9bc39a72b020881c5065
Author: Edilson <edilmr18@gmail.com>
Date:   Fri May 27 08:52:29 2022 -0500

    cambio de vida

commit cb7764ebdc4a6d28b36085884f1a39e4047a1a63
Author: Edilson <edilmr18@gmail.com>
Date:   Fri May 27 08:51:30 2022 -0500

    Arranco mi proyecto real co html y css

commit 250552011b6bbaa598cd3ade837d0f17710d8749
Author: Edilson Murillo Rodriguez <edilson.murillor@cadena.com.co>
Date:   Thu May 26 17:04:18 2022 -0500

    Este es el primer commit de este archivo

edilson.murillor@LMEEMURILLO MINGW64 ~/proyecto1 (master)
$ git log --stat
commit 4d6361e8621c1b3e1d303eb737e5a8b289de7b78 (HEAD -> master)
Author: Edilson <edilmr18@gmail.com>
Date:   Fri May 27 08:52:55 2022 -0500

    cambio de maestria

 historia.txt | 2 +-
 1 file changed, 1 insertion(+), 1 deletion(-)

commit abe97b5d62e79f26d93d9bc39a72b020881c5065
Author: Edilson <edilmr18@gmail.com>
Date:   Fri May 27 08:52:29 2022 -0500

    cambio de vida

 historia.txt | 2 +-
 1 file changed, 1 insertion(+), 1 deletion(-)

commit cb7764ebdc4a6d28b36085884f1a39e4047a1a63
Author: Edilson <edilmr18@gmail.com>
Date:   Fri May 27 08:51:30 2022 -0500

    Arranco mi proyecto real co html y css

 blogpost.html       |   14 +
 codigos27-05-22.txt | 1024 +++++++++++++++++++++++++++++++++++++++++++++++++++
 css/estilos.css     |    5 +
 3 files changed, 1043 insertions(+)

commit 250552011b6bbaa598cd3ade837d0f17710d8749
Author: Edilson Murillo Rodriguez <edilson.murillor@cadena.com.co>
Date:   Thu May 26 17:04:18 2022 -0500

    Este es el primer commit de este archivo

 historia.txt | 5 +++++
 1 file changed, 5 insertions(+)

edilson.murillor@LMEEMURILLO MINGW64 ~/proyecto1 (master)
$ git checkout

edilson.murillor@LMEEMURILLO MINGW64 ~/proyecto1 (master)
$ git checkout 250552011b6bbaa598cd3ade837d0f17710d8749
Note: switching to '250552011b6bbaa598cd3ade837d0f17710d8749'.

You are in 'detached HEAD' state. You can look around, make experimental
changes and commit them, and you can discard any commits you make in this
state without impacting any branches by switching back to a branch.

If you want to create a new branch to retain commits you create, you may
do so (now or later) by using -c with the switch command. Example:

  git switch -c <new-branch-name>

Or undo this operation with:

  git switch -

Turn off this advice by setting config variable advice.detachedHead to false

HEAD is now at 2505520 Este es el primer commit de este archivo

edilson.murillor@LMEEMURILLO MINGW64 ~/proyecto1 ((2505520...))
$ git checkout 250552011b6bbaa598cd3ade837d0f17710d8749 historia.txt
Updated 0 paths from eab2e2f

edilson.murillor@LMEEMURILLO MINGW64 ~/proyecto1 ((2505520...))
$ git status
HEAD detached at 2505520
nothing to commit, working tree clean

edilson.murillor@LMEEMURILLO MINGW64 ~/proyecto1 ((2505520...))
$ git checkout master historia.txt
Updated 1 path from 825023d

edilson.murillor@LMEEMURILLO MINGW64 ~/proyecto1 ((2505520...))
$ git checkout master
Previous HEAD position was 2505520 Este es el primer commit de este archivo
Switched to branch 'master'

edilson.murillor@LMEEMURILLO MINGW64 ~/proyecto1 (master)
$ git checkout 250552011b6bbaa598cd3ade837d0f17710d8749 historia.txt
Updated 1 path from eab2e2f

edilson.murillor@LMEEMURILLO MINGW64 ~/proyecto1 (master)
$ git checkout master historia.txt
Updated 1 path from 825023d

edilson.murillor@LMEEMURILLO MINGW64 ~/proyecto1 (master)
$ git checkout 4d6361e8621c1b3e1d303eb737e5a8b289de7b78 historia.txt
Updated 0 paths from 825023d

edilson.murillor@LMEEMURILLO MINGW64 ~/proyecto1 (master)
$ git checkout 250552011b6bbaa598cd3ade837d0f17710d8749 historia.txt
Updated 1 path from eab2e2f

edilson.murillor@LMEEMURILLO MINGW64 ~/proyecto1 (master)
$ git add .

edilson.murillor@LMEEMURILLO MINGW64 ~/proyecto1 (master)
$ git commit -m "cambio de maestria"
[master bb77538] cambio de maestria
 1 file changed, 1 insertion(+), 1 deletion(-)

edilson.murillor@LMEEMURILLO MINGW64 ~/proyecto1 (master)
$ git log
commit bb775387c588f207f99a4118712bec8389b1b113 (HEAD -> master)
Author: Edilson <edilmr18@gmail.com>
Date:   Fri May 27 09:03:11 2022 -0500

    cambio de maestria

commit 4d6361e8621c1b3e1d303eb737e5a8b289de7b78
Author: Edilson <edilmr18@gmail.com>
Date:   Fri May 27 08:52:55 2022 -0500

    cambio de maestria

commit abe97b5d62e79f26d93d9bc39a72b020881c5065
Author: Edilson <edilmr18@gmail.com>
Date:   Fri May 27 08:52:29 2022 -0500

    cambio de vida

commit cb7764ebdc4a6d28b36085884f1a39e4047a1a63
Author: Edilson <edilmr18@gmail.com>
Date:   Fri May 27 08:51:30 2022 -0500

    Arranco mi proyecto real co html y css

commit 250552011b6bbaa598cd3ade837d0f17710d8749
Author: Edilson Murillo Rodriguez <edilson.murillor@cadena.com.co>
Date:   Thu May 26 17:04:18 2022 -0500

    Este es el primer commit de este archivo

edilson.murillor@LMEEMURILLO MINGW64 ~/proyecto1 (master)
$ git log --stat
commit bb775387c588f207f99a4118712bec8389b1b113 (HEAD -> master)
Author: Edilson <edilmr18@gmail.com>
Date:   Fri May 27 09:03:11 2022 -0500

    cambio de maestria

 historia.txt | 2 +-
 1 file changed, 1 insertion(+), 1 deletion(-)

commit 4d6361e8621c1b3e1d303eb737e5a8b289de7b78
Author: Edilson <edilmr18@gmail.com>
Date:   Fri May 27 08:52:55 2022 -0500

    cambio de maestria

 historia.txt | 2 +-
 1 file changed, 1 insertion(+), 1 deletion(-)

commit abe97b5d62e79f26d93d9bc39a72b020881c5065
Author: Edilson <edilmr18@gmail.com>
Date:   Fri May 27 08:52:29 2022 -0500

    cambio de vida

 historia.txt | 2 +-
 1 file changed, 1 insertion(+), 1 deletion(-)

commit cb7764ebdc4a6d28b36085884f1a39e4047a1a63
Author: Edilson <edilmr18@gmail.com>
Date:   Fri May 27 08:51:30 2022 -0500

    Arranco mi proyecto real co html y css

 blogpost.html       |   14 +
 codigos27-05-22.txt | 1024 +++++++++++++++++++++++++++++++++++++++++++++++++++
 css/estilos.css     |    5 +
 3 files changed, 1043 insertions(+)

commit 250552011b6bbaa598cd3ade837d0f17710d8749
Author: Edilson Murillo Rodriguez <edilson.murillor@cadena.com.co>
Date:   Thu May 26 17:04:18 2022 -0500

    Este es el primer commit de este archivo

 historia.txt | 5 +++++
 1 file changed, 5 insertions(+)

edilson.murillor@LMEEMURILLO MINGW64 ~/proyecto1 (master)
$

edilson.murillor@LMEEMURILLO MINGW64 ~/proyecto1 (master)
$ cd

edilson.murillor@LMEEMURILLO MINGW64 ~
$ cd proyecto1

edilson.murillor@LMEEMURILLO MINGW64 ~/proyecto1 (master)
$ git log
commit ad10700dd435174ff1fcb011afb99d39743fcff7 (HEAD -> master)
Author: Edilson <edilmr18@gmail.com>
Date:   Fri May 27 12:50:14 2022 -0500

    Agregado el contenido final del blog

commit 69229cfe0a38aa121e0041ae22932dbe4b62d559
Author: Edilson <edilmr18@gmail.com>
Date:   Fri May 27 10:57:34 2022 -0500

    commit al master del blogsport mas reciente

commit 4e9a9add0b0e1d668b1e6da54935f03df28372b3
Author: Edilson <edilmr18@gmail.com>
Date:   Fri May 27 09:44:58 2022 -0500

    Codigo añadido al archivo de codigos

commit bb775387c588f207f99a4118712bec8389b1b113
Author: Edilson <edilmr18@gmail.com>
Date:   Fri May 27 09:03:11 2022 -0500

    cambio de maestria

commit 4d6361e8621c1b3e1d303eb737e5a8b289de7b78
Author: Edilson <edilmr18@gmail.com>
Date:   Fri May 27 08:52:55 2022 -0500

    cambio de maestria

commit abe97b5d62e79f26d93d9bc39a72b020881c5065
Author: Edilson <edilmr18@gmail.com>
Date:   Fri May 27 08:52:29 2022 -0500

    cambio de vida

commit cb7764ebdc4a6d28b36085884f1a39e4047a1a63
Author: Edilson <edilmr18@gmail.com>
Date:   Fri May 27 08:51:30 2022 -0500

    Arranco mi proyecto real co html y css

commit 250552011b6bbaa598cd3ade837d0f17710d8749
Author: Edilson Murillo Rodriguez <edilson.murillor@cadena.com.co>
Date:   Thu May 26 17:04:18 2022 -0500

    Este es el primer commit de este archivo

edilson.murillor@LMEEMURILLO MINGW64 ~/proyecto1 (master)
$ git checkout cabecera
Switched to branch 'cabecera'

edilson.murillor@LMEEMURILLO MINGW64 ~/proyecto1 (cabecera)
$ git checkout master
Switched to branch 'master'

edilson.murillor@LMEEMURILLO MINGW64 ~/proyecto1 (master)
$ git branch
  cabecera
* master

edilson.murillor@LMEEMURILLO MINGW64 ~/proyecto1 (master)
$ git merge cabecera
Auto-merging blogpost.html
Auto-merging css/estilos.css
Merge made by the 'ort' strategy.
 blogpost.html   |  6 ++++++
 css/estilos.css | 15 +++++++++++++++
 2 files changed, 21 insertions(+)

edilson.murillor@LMEEMURILLO MINGW64 ~/proyecto1 (master)
$ git log
commit b46890cda2e2a3960e5d8e4cfde9cfddb8867dc0 (HEAD -> master)
Merge: ad10700 19f022e
Author: Edilson <edilmr18@gmail.com>
Date:   Tue May 31 08:12:01 2022 -0500

    Merge branch 'cabecera'

commit ad10700dd435174ff1fcb011afb99d39743fcff7
Author: Edilson <edilmr18@gmail.com>
Date:   Fri May 27 12:50:14 2022 -0500

    Agregado el contenido final del blog

commit 19f022eddc78286284895ab4c5b6ac77d7331cf4 (cabecera)
Author: Edilson <edilmr18@gmail.com>
Date:   Fri May 27 12:47:09 2022 -0500

    Finalizada la cabecera con diseño azul

commit 8a9f6f3f0436b0c1ad9d06dd73c86021dbeb071d
Author: Edilson <edilmr18@gmail.com>
Date:   Fri May 27 11:05:26 2022 -0500

    Estructura inicial de la cabecera

commit 69229cfe0a38aa121e0041ae22932dbe4b62d559
Author: Edilson <edilmr18@gmail.com>
Date:   Fri May 27 10:57:34 2022 -0500

    commit al master del blogsport mas reciente

commit 4e9a9add0b0e1d668b1e6da54935f03df28372b3
Author: Edilson <edilmr18@gmail.com>
Date:   Fri May 27 09:44:58 2022 -0500

    Codigo añadido al archivo de codigos

commit bb775387c588f207f99a4118712bec8389b1b113
Author: Edilson <edilmr18@gmail.com>
Date:   Fri May 27 09:03:11 2022 -0500

    cambio de maestria

commit 4d6361e8621c1b3e1d303eb737e5a8b289de7b78
Author: Edilson <edilmr18@gmail.com>
Date:   Fri May 27 08:52:55 2022 -0500

    cambio de maestria

edilson.murillor@LMEEMURILLO MINGW64 ~/proyecto1 (master)
$

edilson.murillor@LMEEMURILLO MINGW64 ~/proyecto1 (master)
$ git commit -am "Volvi a una tipografia arial"
[master 18f4901] Volvi a una tipografia arial
 1 file changed, 1 insertion(+), 1 deletion(-)

edilson.murillor@LMEEMURILLO MINGW64 ~/proyecto1 (master)
$ git log
commit 18f49016d68c8222d2715a6fd5030d2791be3440 (HEAD -> master)
Author: Edilson <edilmr18@gmail.com>
Date:   Tue May 31 08:22:50 2022 -0500

    Volvi a una tipografia arial

commit b46890cda2e2a3960e5d8e4cfde9cfddb8867dc0
Merge: ad10700 19f022e
Author: Edilson <edilmr18@gmail.com>
Date:   Tue May 31 08:12:01 2022 -0500

    Merge branch 'cabecera'

commit ad10700dd435174ff1fcb011afb99d39743fcff7
Author: Edilson <edilmr18@gmail.com>
Date:   Fri May 27 12:50:14 2022 -0500

    Agregado el contenido final del blog

commit 19f022eddc78286284895ab4c5b6ac77d7331cf4 (cabecera)
Author: Edilson <edilmr18@gmail.com>
Date:   Fri May 27 12:47:09 2022 -0500

    Finalizada la cabecera con diseño azul

commit 8a9f6f3f0436b0c1ad9d06dd73c86021dbeb071d
Author: Edilson <edilmr18@gmail.com>
Date:   Fri May 27 11:05:26 2022 -0500

    Estructura inicial de la cabecera

commit 69229cfe0a38aa121e0041ae22932dbe4b62d559
Author: Edilson <edilmr18@gmail.com>
Date:   Fri May 27 10:57:34 2022 -0500

    commit al master del blogsport mas reciente

commit 4e9a9add0b0e1d668b1e6da54935f03df28372b3
Author: Edilson <edilmr18@gmail.com>
Date:   Fri May 27 09:44:58 2022 -0500

    Codigo añadido al archivo de codigos

commit bb775387c588f207f99a4118712bec8389b1b113
Author: Edilson <edilmr18@gmail.com>
Date:   Fri May 27 09:03:11 2022 -0500

    cambio de maestria

edilson.murillor@LMEEMURILLO MINGW64 ~/proyecto1 (master)
$ git branch
  cabecera
* master

edilson.murillor@LMEEMURILLO MINGW64 ~/proyecto1 (master)
$ git checkout cabecera
Switched to branch 'cabecera'

edilson.murillor@LMEEMURILLO MINGW64 ~/proyecto1 (cabecera)
$ git merge master
Updating 19f022e..18f4901
Fast-forward
 blogpost.html | 4 ++++
 1 file changed, 4 insertions(+)

edilson.murillor@LMEEMURILLO MINGW64 ~/proyecto1 (cabecera)
$ git commit -am "Modifique la cabecera y el color del texto"
[cabecera 7c5e122] Modifique la cabecera y el color del texto
 2 files changed, 2 insertions(+), 2 deletions(-)

edilson.murillor@LMEEMURILLO MINGW64 ~/proyecto1 (cabecera)
$ git checkout master
Switched to branch 'master'

edilson.murillor@LMEEMURILLO MINGW64 ~/proyecto1 (master)
$ git commit -am "Modifique la cabecera y el color del texto"
[master 17ccd17] Modifique la cabecera y el color del texto
 2 files changed, 5 insertions(+), 2 deletions(-)

edilson.murillor@LMEEMURILLO MINGW64 ~/proyecto1 (master)
$ git checkout cabecera
Switched to branch 'cabecera'

edilson.murillor@LMEEMURILLO MINGW64 ~/proyecto1 (cabecera)
$ git checkout master
Switched to branch 'master'

edilson.murillor@LMEEMURILLO MINGW64 ~/proyecto1 (master)
$ git merge cabecera
Auto-merging blogpost.html
CONFLICT (content): Merge conflict in blogpost.html
Auto-merging css/estilos.css
CONFLICT (content): Merge conflict in css/estilos.css
Automatic merge failed; fix conflicts and then commit the result.

edilson.murillor@LMEEMURILLO MINGW64 ~/proyecto1 (master|MERGING)
$ git log
commit 17ccd17fe2a3f62c2cadde8746e18b86b7f48236 (HEAD -> master)
Author: Edilson <edilmr18@gmail.com>
Date:   Tue May 31 08:35:04 2022 -0500

    Modifique la cabecera y el color del texto

commit 18f49016d68c8222d2715a6fd5030d2791be3440
Author: Edilson <edilmr18@gmail.com>
Date:   Tue May 31 08:22:50 2022 -0500

    Volvi a una tipografia arial

commit b46890cda2e2a3960e5d8e4cfde9cfddb8867dc0
Merge: ad10700 19f022e
Author: Edilson <edilmr18@gmail.com>
Date:   Tue May 31 08:12:01 2022 -0500

    Merge branch 'cabecera'

commit ad10700dd435174ff1fcb011afb99d39743fcff7
Author: Edilson <edilmr18@gmail.com>
Date:   Fri May 27 12:50:14 2022 -0500

    Agregado el contenido final del blog

commit 19f022eddc78286284895ab4c5b6ac77d7331cf4
Author: Edilson <edilmr18@gmail.com>
Date:   Fri May 27 12:47:09 2022 -0500

    Finalizada la cabecera con diseño azul

commit 8a9f6f3f0436b0c1ad9d06dd73c86021dbeb071d
Author: Edilson <edilmr18@gmail.com>
Date:   Fri May 27 11:05:26 2022 -0500

    Estructura inicial de la cabecera

commit 69229cfe0a38aa121e0041ae22932dbe4b62d559
Author: Edilson <edilmr18@gmail.com>
Date:   Fri May 27 10:57:34 2022 -0500

    commit al master del blogsport mas reciente

commit 4e9a9add0b0e1d668b1e6da54935f03df28372b3
Author: Edilson <edilmr18@gmail.com>
Date:   Fri May 27 09:44:58 2022 -0500

    Codigo añadido al archivo de codigos

edilson.murillor@LMEEMURILLO MINGW64 ~/proyecto1 (master|MERGING)
$ git status
On branch master
You have unmerged paths.
  (fix conflicts and run "git commit")
  (use "git merge --abort" to abort the merge)

Unmerged paths:
  (use "git add <file>..." to mark resolution)
        both modified:   blogpost.html
        both modified:   css/estilos.css

Untracked files:
  (use "git add <file>..." to include in what will be committed)
        codigos31-05-2022.txt

no changes added to commit (use "git add" and/or "git commit -a")

edilson.murillor@LMEEMURILLO MINGW64 ~/proyecto1 (master|MERGING)
$ git commit -am "solucione el conflicto de las ramas"
[master 6f4176d] solucione el conflicto de las ramas

edilson.murillor@LMEEMURILLO MINGW64 ~/proyecto1 (master)
$ git status
On branch master
Changes not staged for commit:
  (use "git add <file>..." to update what will be committed)
  (use "git restore <file>..." to discard changes in working directory)
        modified:   blogpost.html

Untracked files:
  (use "git add <file>..." to include in what will be committed)
        codigos31-05-2022.txt

no changes added to commit (use "git add" and/or "git commit -a")

edilson.murillor@LMEEMURILLO MINGW64 ~/proyecto1 (master)
$ git commit -am "solucione el conflicto de las ramas"
[master d6b6a53] solucione el conflicto de las ramas
 1 file changed, 4 deletions(-)

edilson.murillor@LMEEMURILLO MINGW64 ~/proyecto1 (master)
$ git status
On branch master
Untracked files:
  (use "git add <file>..." to include in what will be committed)
        codigos31-05-2022.txt

nothing added to commit but untracked files present (use "git add" to track)

edilson.murillor@LMEEMURILLO MINGW64 ~/proyecto1 (master)
$ git add .

edilson.murillor@LMEEMURILLO MINGW64 ~/proyecto1 (master)
$ git commit "Agregue un archivo con los codigos de git"
error: pathspec 'Agregue un archivo con los codigos de git' did not match any file(s) known to git

edilson.murillor@LMEEMURILLO MINGW64 ~/proyecto1 (master)
$ git commit -m "Agregue un archivo con los codigos de git"
[master 0b1fbd2] Agregue un archivo con los codigos de git
 1 file changed, 32 insertions(+)
 create mode 100644 codigos31-05-2022.txt

edilson.murillor@LMEEMURILLO MINGW64 ~/proyecto1 (master)
$ git status
On branch master
nothing to commit, working tree clean

edilson.murillor@LMEEMURILLO MINGW64 ~/proyecto1 (master)
$ git log
commit 0b1fbd2374d6433aad563b9043a33fa05fcc7023 (HEAD -> master)
Author: Edilson <edilmr18@gmail.com>
Date:   Tue May 31 08:42:42 2022 -0500

    Agregue un archivo con los codigos de git

commit d6b6a538c156dc7e31370eca1900e109bf1e63ae
Author: Edilson <edilmr18@gmail.com>
Date:   Tue May 31 08:41:35 2022 -0500

    solucione el conflicto de las ramas

commit 6f4176d7378a4dd7f2894949710e86adacca11d4
Merge: 17ccd17 7c5e122
Author: Edilson <edilmr18@gmail.com>
Date:   Tue May 31 08:40:14 2022 -0500

    solucione el conflicto de las ramas

commit 17ccd17fe2a3f62c2cadde8746e18b86b7f48236
Author: Edilson <edilmr18@gmail.com>
Date:   Tue May 31 08:35:04 2022 -0500

    Modifique la cabecera y el color del texto

commit 7c5e12237d553207e7a6a3737ea06273d7fb7da5 (cabecera)
Author: Edilson <edilmr18@gmail.com>
Date:   Tue May 31 08:32:45 2022 -0500

    Modifique la cabecera y el color del texto

commit 18f49016d68c8222d2715a6fd5030d2791be3440
Author: Edilson <edilmr18@gmail.com>
Date:   Tue May 31 08:22:50 2022 -0500

    Volvi a una tipografia arial

commit b46890cda2e2a3960e5d8e4cfde9cfddb8867dc0
Merge: ad10700 19f022e
Author: Edilson <edilmr18@gmail.com>
Date:   Tue May 31 08:12:01 2022 -0500

    Merge branch 'cabecera'

commit ad10700dd435174ff1fcb011afb99d39743fcff7
Author: Edilson <edilmr18@gmail.com>
Date:   Fri May 27 12:50:14 2022 -0500


edilson.murillor@LMEEMURILLO MINGW64 ~/proyecto1 (master)
$ git checkout cabecera
Switched to branch 'cabecera'

edilson.murillor@LMEEMURILLO MINGW64 ~/proyecto1 (cabecera)
$ git checkout master
Switched to branch 'master'

edilson.murillor@LMEEMURILLO MINGW64 ~/proyecto1 (master)
$

31/05/2022


edilson.murillor@LMEEMURILLO MINGW64 ~/proyecto1 (master)
$ pwd
/c/Users/edilson.murillor/proyecto1

edilson.murillor@LMEEMURILLO MINGW64 ~/proyecto1 (master)
$ git remote add origin
usage: git remote add [<options>] <name> <url>

    -f, --fetch           fetch the remote branches
    --tags                import all tags and associated objects when fetching
                          or do not fetch any tag at all (--no-tags)
    -t, --track <branch>  branch(es) to track
    -m, --master <branch>
                          master branch
    --mirror[=(push|fetch)]
                          set up remote as a mirror to push to or fetch from


edilson.murillor@LMEEMURILLO MINGW64 ~/proyecto1 (master)
$ git remote add origin https://github.com/Edilmr/hyperblog.git

edilson.murillor@LMEEMURILLO MINGW64 ~/proyecto1 (master)
$ git remote
origin

edilson.murillor@LMEEMURILLO MINGW64 ~/proyecto1 (master)
$ git remote -v
origin  https://github.com/Edilmr/hyperblog.git (fetch)
origin  https://github.com/Edilmr/hyperblog.git (push)

edilson.murillor@LMEEMURILLO MINGW64 ~/proyecto1 (master)
$ ls -al
total 121
drwxr-xr-x 1 edilson.murillor 1049089     0 May 31 08:43 ./
drwxr-xr-x 1 edilson.murillor 1049089     0 May 31 08:47 ../
drwxr-xr-x 1 edilson.murillor 1049089     0 May 31 08:58 .git/
-rw-r--r-- 1 edilson.murillor 1049089  1020 May 31 08:43 blogpost.html
-rw-r--r-- 1 edilson.murillor 1049089 91548 May 31 08:45 codigos27-05-22.txt
-rw-r--r-- 1 edilson.murillor 1049089  1941 May 31 08:43 codigos31-05-2022.txt
drwxr-xr-x 1 edilson.murillor 1049089     0 May 31 08:43 css/
-rw-r--r-- 1 edilson.murillor 1049089   149 May 27 09:02 historia.txt

edilson.murillor@LMEEMURILLO MINGW64 ~/proyecto1 (master)
$ git push origin master
Enumerating objects: 68, done.
Counting objects: 100% (68/68), done.
Delta compression using up to 8 threads
Compressing objects: 100% (60/60), done.
Writing objects: 100% (68/68), 15.22 KiB | 2.54 MiB/s, done.
Total 68 (delta 30), reused 0 (delta 0), pack-reused 0
remote: Resolving deltas: 100% (30/30), done.
remote:
remote: Create a pull request for 'master' on GitHub by visiting:
remote:      https://github.com/Edilmr/hyperblog/pull/new/master
remote:
To https://github.com/Edilmr/hyperblog.git
 * [new branch]      master -> master

edilson.murillor@LMEEMURILLO MINGW64 ~/proyecto1 (master)
$ git pull origin master
From https://github.com/Edilmr/hyperblog
 * branch            master     -> FETCH_HEAD
Already up to date.

edilson.murillor@LMEEMURILLO MINGW64 ~/proyecto1 (master)
$ git pull origin master --allow-unrelated-histories
From https://github.com/Edilmr/hyperblog
 * branch            master     -> FETCH_HEAD
Already up to date.

edilson.murillor@LMEEMURILLO MINGW64 ~/proyecto1 (master)
$ ls  - all
ls: cannot access '-': No such file or directory
ls: cannot access 'all': No such file or directory

edilson.murillor@LMEEMURILLO MINGW64 ~/proyecto1 (master)
$ ls  - al
ls: cannot access '-': No such file or directory
ls: cannot access 'al': No such file or directory

edilson.murillor@LMEEMURILLO MINGW64 ~/proyecto1 (master)
$ ls  -al
total 121
drwxr-xr-x 1 edilson.murillor 1049089     0 May 31 08:43 ./
drwxr-xr-x 1 edilson.murillor 1049089     0 May 31 08:47 ../
drwxr-xr-x 1 edilson.murillor 1049089     0 May 31 09:03 .git/
-rw-r--r-- 1 edilson.murillor 1049089  1020 May 31 08:43 blogpost.html
-rw-r--r-- 1 edilson.murillor 1049089 91548 May 31 08:45 codigos27-05-22.txt
-rw-r--r-- 1 edilson.murillor 1049089  1941 May 31 08:43 codigos31-05-2022.txt
drwxr-xr-x 1 edilson.murillor 1049089     0 May 31 08:43 css/
-rw-r--r-- 1 edilson.murillor 1049089   149 May 27 09:02 historia.txt

edilson.murillor@LMEEMURILLO MINGW64 ~/proyecto1 (master)
$ git push origin master
Everything up-to-date

edilson.murillor@LMEEMURILLO MINGW64 ~/proyecto1 (master)
$ git branch main

edilson.murillor@LMEEMURILLO MINGW64 ~/proyecto1 (master)
$ git branch
  cabecera
  main
* master

edilson.murillor@LMEEMURILLO MINGW64 ~/proyecto1 (master)
$ git checkout main
Switched to branch 'main'

edilson.murillor@LMEEMURILLO MINGW64 ~/proyecto1 (main)
$ git merge master
Already up to date.

edilson.murillor@LMEEMURILLO MINGW64 ~/proyecto1 (main)
$ git status
On branch main
nothing to commit, working tree clean

edilson.murillor@LMEEMURILLO MINGW64 ~/proyecto1 (main)
$ git log
commit 5a39aef06c850fb3271b001cbe6516b79cb0fdd4 (HEAD -> main, origin/master, master)
Author: Edilson <edilmr18@gmail.com>
Date:   Tue May 31 08:46:49 2022 -0500

    Agregue mas codigo a codigos 27-05-22

commit 0b1fbd2374d6433aad563b9043a33fa05fcc7023
Author: Edilson <edilmr18@gmail.com>
Date:   Tue May 31 08:42:42 2022 -0500

    Agregue un archivo con los codigos de git

commit d6b6a538c156dc7e31370eca1900e109bf1e63ae
Author: Edilson <edilmr18@gmail.com>
Date:   Tue May 31 08:41:35 2022 -0500

    solucione el conflicto de las ramas

commit 6f4176d7378a4dd7f2894949710e86adacca11d4
Merge: 17ccd17 7c5e122
Author: Edilson <edilmr18@gmail.com>
Date:   Tue May 31 08:40:14 2022 -0500

    solucione el conflicto de las ramas

commit 17ccd17fe2a3f62c2cadde8746e18b86b7f48236
Author: Edilson <edilmr18@gmail.com>
Date:   Tue May 31 08:35:04 2022 -0500

    Modifique la cabecera y el color del texto

commit 7c5e12237d553207e7a6a3737ea06273d7fb7da5 (cabecera)
Author: Edilson <edilmr18@gmail.com>
Date:   Tue May 31 08:32:45 2022 -0500

    Modifique la cabecera y el color del texto

commit 18f49016d68c8222d2715a6fd5030d2791be3440
Author: Edilson <edilmr18@gmail.com>
Date:   Tue May 31 08:22:50 2022 -0500

    Volvi a una tipografia arial

commit b46890cda2e2a3960e5d8e4cfde9cfddb8867dc0
Merge: ad10700 19f022e
Author: Edilson <edilmr18@gmail.com>
Date:   Tue May 31 08:12:01 2022 -0500

    Merge branch 'cabecera'

edilson.murillor@LMEEMURILLO MINGW64 ~/proyecto1 (main)
$ git pull origin main
remote: Enumerating objects: 3, done.
remote: Counting objects: 100% (3/3), done.
remote: Compressing objects: 100% (2/2), done.
remote: Total 3 (delta 0), reused 0 (delta 0), pack-reused 0
Unpacking objects: 100% (3/3), 633 bytes | 1024 bytes/s, done.
From https://github.com/Edilmr/hyperblog
 * branch            main       -> FETCH_HEAD
 * [new branch]      main       -> origin/main
fatal: refusing to merge unrelated histories

edilson.murillor@LMEEMURILLO MINGW64 ~/proyecto1 (main)
$ git remote -v
origin  https://github.com/Edilmr/hyperblog.git (fetch)
origin  https://github.com/Edilmr/hyperblog.git (push)

edilson.murillor@LMEEMURILLO MINGW64 ~/proyecto1 (main)
$ git push origin main
To https://github.com/Edilmr/hyperblog.git
 ! [rejected]        main -> main (non-fast-forward)
error: failed to push some refs to 'https://github.com/Edilmr/hyperblog.git'
hint: Updates were rejected because the tip of your current branch is behind
hint: its remote counterpart. Integrate the remote changes (e.g.
hint: 'git pull ...') before pushing again.
hint: See the 'Note about fast-forwards' in 'git push --help' for details.

edilson.murillor@LMEEMURILLO MINGW64 ~/proyecto1 (main)
$ git pull origin main --allow-unrelated-histories
From https://github.com/Edilmr/hyperblog
Merge made by the 'ort' strategy.
 README.md | 2 ++
 1 file changed, 2 insertions(+)
 create mode 100644 README.md

edilson.murillor@LMEEMURILLO MINGW64 ~/proyecto1 (main)
$ ls -al
total 122
drwxr-xr-x 1 edilson.murillor 1049089     0 May 31 09:11 ./
drwxr-xr-x 1 edilson.murillor 1049089     0 May 31 09:13 ../
drwxr-xr-x 1 edilson.murillor 1049089     0 May 31 09:13 .git/
-rw-r--r-- 1 edilson.murillor 1049089    62 May 31 09:11 README.md
-rw-r--r-- 1 edilson.murillor 1049089  1020 May 31 08:43 blogpost.html
-rw-r--r-- 1 edilson.murillor 1049089 91548 May 31 08:45 codigos27-05-22.txt
-rw-r--r-- 1 edilson.murillor 1049089  1941 May 31 08:43 codigos31-05-2022.txt
drwxr-xr-x 1 edilson.murillor 1049089     0 May 31 08:43 css/
-rw-r--r-- 1 edilson.murillor 1049089   149 May 27 09:02 historia.txt

edilson.murillor@LMEEMURILLO MINGW64 ~/proyecto1 (main)
$ git status
On branch main
nothing to commit, working tree clean

edilson.murillor@LMEEMURILLO MINGW64 ~/proyecto1 (main)
$ git push origin main
Enumerating objects: 4, done.
Counting objects: 100% (4/4), done.
Delta compression using up to 8 threads
Compressing objects: 100% (2/2), done.
Writing objects: 100% (2/2), 321 bytes | 321.00 KiB/s, done.
Total 2 (delta 1), reused 0 (delta 0), pack-reused 0
remote: Resolving deltas: 100% (1/1), completed with 1 local object.
To https://github.com/Edilmr/hyperblog.git
   43c5863..0ccf115  main -> main

edilson.murillor@LMEEMURILLO MINGW64 ~/proyecto1 (main)
$ git config -l
diff.astextplain.textconv=astextplain
filter.lfs.clean=git-lfs clean -- %f
filter.lfs.smudge=git-lfs smudge -- %f
filter.lfs.process=git-lfs filter-process
filter.lfs.required=true
http.sslbackend=openssl
http.sslcainfo=C:/Users/edilson.murillor/AppData/Local/Programs/Git/mingw64/ssl/certs/ca-bundle.crt
core.autocrlf=true
core.fscache=true
core.symlinks=false
pull.rebase=false
credential.helper=manager-core
credential.https://dev.azure.com.usehttppath=true
init.defaultbranch=master
user.name=Edilson
user.email=edilmr18@gmail.com
core.repositoryformatversion=0
core.filemode=false
core.bare=false
core.logallrefupdates=true
core.symlinks=false
core.ignorecase=true
remote.origin.url=https://github.com/Edilmr/hyperblog.git
remote.origin.fetch=+refs/heads/*:refs/remotes/origin/*

edilson.murillor@LMEEMURILLO MINGW64 ~/proyecto1 (main)
$ git pull origin main
remote: Enumerating objects: 5, done.
remote: Counting objects: 100% (5/5), done.
remote: Compressing objects: 100% (3/3), done.
remote: Total 3 (delta 2), reused 0 (delta 0), pack-reused 0
Unpacking objects: 100% (3/3), 711 bytes | 2.00 KiB/s, done.
From https://github.com/Edilmr/hyperblog
 * branch            main       -> FETCH_HEAD
   0ccf115..ccd9d57  main       -> origin/main
Updating 0ccf115..ccd9d57
Fast-forward
 blogpost.html | 4 ++--
 1 file changed, 2 insertions(+), 2 deletions(-)

edilson.murillor@LMEEMURILLO MINGW64 ~/proyecto1 (main)
$ git log
commit ccd9d57204ae1cae2019261e8bd7773511eaa1af (HEAD -> main, origin/main)
Author: Edilmr <42975883+Edilmr@users.noreply.github.com>
Date:   Tue May 31 09:41:43 2022 -0500

    Cambie el titulo del blogpost

    Porque puedo

commit 0ccf11562980201da35cf614ae05bb87cc67cb9f
Merge: 5a39aef 43c5863
Author: Edilson <edilmr18@gmail.com>
Date:   Tue May 31 09:11:28 2022 -0500

    Merge branch 'main' of https://github.com/Edilmr/hyperblog

commit 43c5863f34aa0615e4c1acb2ca36731025de1c23
Author: Edilmr <42975883+Edilmr@users.noreply.github.com>
Date:   Tue May 31 08:54:12 2022 -0500

    Initial commit

commit 5a39aef06c850fb3271b001cbe6516b79cb0fdd4 (origin/master, master)
Author: Edilson <edilmr18@gmail.com>
Date:   Tue May 31 08:46:49 2022 -0500

    Agregue mas codigo a codigos 27-05-22

commit 0b1fbd2374d6433aad563b9043a33fa05fcc7023
Author: Edilson <edilmr18@gmail.com>
Date:   Tue May 31 08:42:42 2022 -0500

    Agregue un archivo con los codigos de git

commit d6b6a538c156dc7e31370eca1900e109bf1e63ae
Author: Edilson <edilmr18@gmail.com>
Date:   Tue May 31 08:41:35 2022 -0500

    solucione el conflicto de las ramas

commit 6f4176d7378a4dd7f2894949710e86adacca11d4
Merge: 17ccd17 7c5e122
Author: Edilson <edilmr18@gmail.com>
Date:   Tue May 31 08:40:14 2022 -0500

    solucione el conflicto de las ramas

commit 17ccd17fe2a3f62c2cadde8746e18b86b7f48236
Author: Edilson <edilmr18@gmail.com>

edilson.murillor@LMEEMURILLO MINGW64 ~/proyecto1 (main)
$

edilson.murillor@LMEEMURILLO MINGW64 ~
$ pwd
/c/Users/edilson.murillor

edilson.murillor@LMEEMURILLO MINGW64 ~
$ ls -al
total 6207
-rw-r--r-- 1 edilson.murillor 1049089    3389 May 31 10:40 ''$'\026'
-rw-r--r-- 1 edilson.murillor 1049089     744 May 31 10:40 ''$'\026''.pub'
drwxr-xr-x 1 edilson.murillor 1049089       0 May 31 10:40  ./
drwxr-xr-x 1 edilson.murillor 1049089       0 May 12 10:26  ../
-rw-r--r-- 1 edilson.murillor 1049089    4957 May 31 10:51  .bash_history
drwxr-xr-x 1 edilson.murillor 1049089       0 May 12 14:33  .cache/
drwxr-xr-x 1 edilson.murillor 1049089       0 May 12 14:33  .eclipse/
-rw-r--r-- 1 edilson.murillor 1049089      51 May 27 07:48  .gitconfig
-rw-r--r-- 1 edilson.murillor 1049089      20 May 31 10:36  .lesshst
drwxr-xr-x 1 edilson.murillor 1049089       0 May 12 14:33  .p2/
-rw-r--r-- 1 edilson.murillor 1049089    7435 May 31 09:13  .viminfo
drwxr-xr-x 1 edilson.murillor 1049089       0 May 12 15:14  .vscode/
drwxr-xr-x 1 edilson.murillor 1049089       0 May 12 10:27 '3D Objects'/
drwxr-xr-x 1 edilson.murillor 1049089       0 May 12 10:26  AppData/
lrwxrwxrwx 1 edilson.murillor 1049089      39 May 12 10:26 'Configuración local' -> /c/Users/edilson.murillor/AppData/Local/
drwxr-xr-x 1 edilson.murillor 1049089       0 May 12 10:27  Contacts/
lrwxrwxrwx 1 edilson.murillor 1049089      69 May 12 10:26  Cookies -> /c/Users/edilson.murillor/AppData/Local/Microsoft/Windows/INetCookies/
lrwxrwxrwx 1 edilson.murillor 1049089      41 May 12 10:26 'Datos de programa' -> /c/Users/edilson.murillor/AppData/Roaming/
lrwxrwxrwx 1 edilson.murillor 1049089      77 May 12 10:26 'Entorno de red' -> '/c/Users/edilson.murillor/AppData/Roaming/Microsoft/Windows/Network Shortcuts'/
lrwxrwxrwx 1 edilson.murillor 1049089      77 May 12 10:26  Impresoras -> '/c/Users/edilson.murillor/AppData/Roaming/Microsoft/Windows/Printer Shortcuts'/
drwxr-xr-x 1 edilson.murillor 1049089       0 May 31 10:54  IntelGraphicsProfiles/
drwxr-xr-x 1 edilson.murillor 1049089       0 May 12 10:27  Links/
lrwxrwxrwx 1 edilson.murillor 1049089      70 May 12 10:26 'Menú Inicio' -> '/c/Users/edilson.murillor/AppData/Roaming/Microsoft/Windows/Start Menu'/
lrwxrwxrwx 1 edilson.murillor 1049089      35 May 12 10:26 'Mis documentos' -> /c/Users/edilson.murillor/Documents
-rw-r--r-- 1 edilson.murillor 1049089 3932160 May 31 10:51  NTUSER.DAT
-rw-r--r-- 1 edilson.murillor 1049089   65536 May 12 14:10  NTUSER.DAT{27cdeaec-aeea-11ec-8018-dc4a3e4f6f42}.TM.blf
-rw-r--r-- 1 edilson.murillor 1049089  524288 May 12 10:26  NTUSER.DAT{27cdeaec-aeea-11ec-8018-dc4a3e4f6f42}.TMContainer00000000000000000001.regtrans-ms
-rw-r--r-- 1 edilson.murillor 1049089  524288 May 12 10:26  NTUSER.DAT{27cdeaec-aeea-11ec-8018-dc4a3e4f6f42}.TMContainer00000000000000000002.regtrans-ms
drwxr-xr-x 1 edilson.murillor 1049089       0 May 12 11:39  OneDrive/
lrwxrwxrwx 1 edilson.murillor 1049089      69 May 12 10:26  Plantillas -> /c/Users/edilson.murillor/AppData/Roaming/Microsoft/Windows/Templates/
drwxr-xr-x 1 edilson.murillor 1049089       0 May 12 14:54  Postman/
lrwxrwxrwx 1 edilson.murillor 1049089      66 May 12 10:26  Reciente -> /c/Users/edilson.murillor/AppData/Roaming/Microsoft/Windows/Recent/
drwxr-xr-x 1 edilson.murillor 1049089       0 May 12 10:27 'Saved Games'/
drwxr-xr-x 1 edilson.murillor 1049089       0 May 12 10:29  Searches/
lrwxrwxrwx 1 edilson.murillor 1049089      66 May 12 10:26  SendTo -> /c/Users/edilson.murillor/AppData/Roaming/Microsoft/Windows/SendTo/
drwxr-xr-x 1 edilson.murillor 1049089       0 May 12 14:29  eclipse/
drwxr-xr-x 1 edilson.murillor 1049089       0 May 12 14:32  eclipse-workspace/
-rw-r--r-- 1 edilson.murillor 1049089 1073152 May 12 10:26  ntuser.dat.LOG1
-rw-r--r-- 1 edilson.murillor 1049089  172032 May 12 10:26  ntuser.dat.LOG2
-rw-r--r-- 1 edilson.murillor 1049089      20 May 12 10:26  ntuser.ini
drwxr-xr-x 1 edilson.murillor 1049089       0 May 31 09:42  proyecto1/
drwxr-xr-x 1 edilson.murillor 1049089       0 May 23 14:53  pseint/

edilson.murillor@LMEEMURILLO MINGW64 ~
$

edilson.murillor@LMEEMURILLO MINGW64 ~
$ cd

edilson.murillor@LMEEMURILLO MINGW64 ~
$ pwd
/c/Users/edilson.murillor

edilson.murillor@LMEEMURILLO MINGW64 ~
$ git config -l
diff.astextplain.textconv=astextplain
filter.lfs.clean=git-lfs clean -- %f
filter.lfs.smudge=git-lfs smudge -- %f
filter.lfs.process=git-lfs filter-process
filter.lfs.required=true
http.sslbackend=openssl
http.sslcainfo=C:/Users/edilson.murillor/AppData/Local/Programs/Git/mingw64/ssl/certs/ca-bundle.crt
core.autocrlf=true
core.fscache=true
core.symlinks=false
pull.rebase=false
credential.helper=manager-core
credential.https://dev.azure.com.usehttppath=true
init.defaultbranch=master
user.name=Edilson
user.email=edilmr18@gmail.com

edilson.murillor@LMEEMURILLO MINGW64 ~
$ ssh-keygen -t rsa -b 4096 -C "edilmr18@gmail.com"
Generating public/private rsa key pair.
Enter file in which to save the key (/c/Users/edilson.murillor/.ssh/id_rsa):
Created directory '/c/Users/edilson.murillor/.ssh'.
Enter passphrase (empty for no passphrase):
Enter same passphrase again:

Your identification has been saved in /c/Users/edilson.murillor/.ssh/id_rsa
Your public key has been saved in /c/Users/edilson.murillor/.ssh/id_rsa.pub
The key fingerprint is:
SHA256:BvbGVTwmo7LE09BLhoecf4fc1Ig9Fz37KW17SLtlYcQ edilmr18@gmail.com
The key's randomart image is:
+---[RSA 4096]----+
|     . =   +.o.o |
|      * = +.O +..|
|     .oB +.B + Eo|
|     .=+=.+ o .. |
|     . +S. .  .oo|
|      .o     .o+o|
|             .oo+|
|              o+.|
|              ...|
+----[SHA256]-----+

edilson.murillor@LMEEMURILLO MINGW64 ~
$

edilson.murillor@LMEEMURILLO MINGW64 ~
$ eval $(ssh-agent -s)
Agent pid 961

edilson.murillor@LMEEMURILLO MINGW64 ~
$ ~
bash: /c/Users/edilson.murillor: Is a directory

edilson.murillor@LMEEMURILLO MINGW64 ~
$ cd

edilson.murillor@LMEEMURILLO MINGW64 ~
$ cd /

edilson.murillor@LMEEMURILLO MINGW64 /
$ cd

edilson.murillor@LMEEMURILLO MINGW64 ~
$ ssh-add ~/.ssh/id_rsa
Identity added: /c/Users/edilson.murillor/.ssh/id_rsa (edilmr18@gmail.com)

edilson.murillor@LMEEMURILLO MINGW64 ~
$

edilson.murillor@LMEEMURILLO MINGW64 ~
$ cd proyecto1

edilson.murillor@LMEEMURILLO MINGW64 ~/proyecto1 (main)
$ git remove -v
git: 'remove' is not a git command. See 'git --help'.

The most similar command is
        remote

edilson.murillor@LMEEMURILLO MINGW64 ~/proyecto1 (main)
$ git checkout master
Switched to branch 'master'

edilson.murillor@LMEEMURILLO MINGW64 ~/proyecto1 (master)
$ git remove -v
git: 'remove' is not a git command. See 'git --help'.

The most similar command is
        remote

edilson.murillor@LMEEMURILLO MINGW64 ~/proyecto1 (master)
$ git checkout main
Switched to branch 'main'

edilson.murillor@LMEEMURILLO MINGW64 ~/proyecto1 (main)
$ git remote -v
origin  https://github.com/Edilmr/hyperblog.git (fetch)
origin  https://github.com/Edilmr/hyperblog.git (push)

edilson.murillor@LMEEMURILLO MINGW64 ~/proyecto1 (main)
$ git remote set-url origin
usage: git remote set-url [--push] <name> <newurl> [<oldurl>]
   or: git remote set-url --add <name> <newurl>
   or: git remote set-url --delete <name> <url>

    --push                manipulate push URLs
    --add                 add URL
    --delete              delete URLs


edilson.murillor@LMEEMURILLO MINGW64 ~/proyecto1 (main)
$ git remote set-url origin
usage: git remote set-url [--push] <name> <newurl> [<oldurl>]
   or: git remote set-url --add <name> <newurl>
   or: git remote set-url --delete <name> <url>

    --push                manipulate push URLs
    --add                 add URL
    --delete              delete URLs


edilson.murillor@LMEEMURILLO MINGW64 ~/proyecto1 (main)
$ git remote set-url origin git@github.com:Edilmr/hyperblog.git

edilson.murillor@LMEEMURILLO MINGW64 ~/proyecto1 (main)
$ git remote -v
origin  git@github.com:Edilmr/hyperblog.git (fetch)
origin  git@github.com:Edilmr/hyperblog.git (push)

edilson.murillor@LMEEMURILLO MINGW64 ~/proyecto1 (main)
$ git pull
The authenticity of host 'github.com (140.82.112.3)' can't be established.
ED25519 key fingerprint is SHA256:+DiY3wvvV6TuJJhbpZisF/zLDA0zPMSvHdkr4UvCOqU.
This key is not known by any other names
Are you sure you want to continue connecting (yes/no/[fingerprint])? yes
Warning: Permanently added 'github.com' (ED25519) to the list of known hosts.
There is no tracking information for the current branch.
Please specify which branch you want to merge with.
See git-pull(1) for details.

    git pull <remote> <branch>

If you wish to set tracking information for this branch you can do so with:

    git branch --set-upstream-to=origin/<branch> main


edilson.murillor@LMEEMURILLO MINGW64 ~/proyecto1 (main)
$ git pull origin main
From github.com:Edilmr/hyperblog
 * branch            main       -> FETCH_HEAD
Already up to date.

edilson.murillor@LMEEMURILLO MINGW64 ~/proyecto1 (main)
$ git status
On branch main
Changes not staged for commit:
  (use "git add <file>..." to update what will be committed)
  (use "git restore <file>..." to discard changes in working directory)
        modified:   blogpost.html

no changes added to commit (use "git add" and/or "git commit -a")

edilson.murillor@LMEEMURILLO MINGW64 ~/proyecto1 (main)
$ git diff
diff --git a/blogpost.html b/blogpost.html
index 584a9b9..b2f93ff 100644
--- a/blogpost.html
+++ b/blogpost.html
@@ -5,7 +5,7 @@
     <meta http-equiv="X-UA-Compatible" content="IE=edge">
     <meta name="viewport" content="width=device-width, initial-scale=1.0">
     <link rel="stylesheet" href="css/estilos.css">
-    <title>Bienvenido a hyperblog</title>
+    <title>Bienvenido a hyperblog 2.0</title>
 </head>
 <body>
     <div id="container">

edilson.murillor@LMEEMURILLO MINGW64 ~/proyecto1 (main)
$ git commit -am "Una version del hyperblog"
[main 757e705] Una version del hyperblog
 1 file changed, 1 insertion(+), 1 deletion(-)

edilson.murillor@LMEEMURILLO MINGW64 ~/proyecto1 (main)
$ git pull origin main
From github.com:Edilmr/hyperblog
 * branch            main       -> FETCH_HEAD
Already up to date.

edilson.murillor@LMEEMURILLO MINGW64 ~/proyecto1 (main)
$ git push origin main
Enumerating objects: 9, done.
Counting objects: 100% (9/9), done.
Delta compression using up to 8 threads
Compressing objects: 100% (6/6), done.
Writing objects: 100% (6/6), 2.58 KiB | 441.00 KiB/s, done.
Total 6 (delta 4), reused 0 (delta 0), pack-reused 0
remote: Resolving deltas: 100% (4/4), completed with 3 local objects.
To github.com:Edilmr/hyperblog.git
   ccd9d57..757e705  main -> main

edilson.murillor@LMEEMURILLO MINGW64 ~/proyecto1 (main)
$

edilson.murillor@LMEEMURILLO MINGW64 ~/proyecto1 (main)
$ gitlog
bash: gitlog: command not found

edilson.murillor@LMEEMURILLO MINGW64 ~/proyecto1 (main)
$ git log
commit c1b97901176c5151d5df2700e34fdbb8e5bb61f6 (HEAD -> main, origin/main)
Author: Edilson <edilmr18@gmail.com>
Date:   Tue May 31 12:15:41 2022 -0500

    Nuvos codigos en codigos27-05-22

commit 757e705483bf5960fcb9ce9abb40b8a0f9700f75
Author: Edilson <edilmr18@gmail.com>
Date:   Tue May 31 12:09:12 2022 -0500

    Una version del hyperblog

commit 32d3557c2bd64c77e02cf4ffa2330f4a757ea5fd
Author: Edilson <edilmr18@gmail.com>
Date:   Tue May 31 10:27:29 2022 -0500

    Codigos añadidos a codigos27-05-22

commit ccd9d57204ae1cae2019261e8bd7773511eaa1af
Author: Edilmr <42975883+Edilmr@users.noreply.github.com>
Date:   Tue May 31 09:41:43 2022 -0500

    Cambie el titulo del blogpost

    Porque puedo

commit 0ccf11562980201da35cf614ae05bb87cc67cb9f
Merge: 5a39aef 43c5863
Author: Edilson <edilmr18@gmail.com>
Date:   Tue May 31 09:11:28 2022 -0500

    Merge branch 'main' of https://github.com/Edilmr/hyperblog

commit 43c5863f34aa0615e4c1acb2ca36731025de1c23
Author: Edilmr <42975883+Edilmr@users.noreply.github.com>
Date:   Tue May 31 08:54:12 2022 -0500

    Initial commit

commit 5a39aef06c850fb3271b001cbe6516b79cb0fdd4 (origin/master, master)
Author: Edilson <edilmr18@gmail.com>
Date:   Tue May 31 08:46:49 2022 -0500

    Agregue mas codigo a codigos 27-05-22

commit 0b1fbd2374d6433aad563b9043a33fa05fcc7023
Author: Edilson <edilmr18@gmail.com>
Date:   Tue May 31 08:42:42 2022 -0500

edilson.murillor@LMEEMURILLO MINGW64 ~/proyecto1 (main)
$ git log --all
commit c1b97901176c5151d5df2700e34fdbb8e5bb61f6 (HEAD -> main, origin/main)
Author: Edilson <edilmr18@gmail.com>
Date:   Tue May 31 12:15:41 2022 -0500

    Nuvos codigos en codigos27-05-22

commit 757e705483bf5960fcb9ce9abb40b8a0f9700f75
Author: Edilson <edilmr18@gmail.com>
Date:   Tue May 31 12:09:12 2022 -0500

    Una version del hyperblog

commit 32d3557c2bd64c77e02cf4ffa2330f4a757ea5fd
Author: Edilson <edilmr18@gmail.com>
Date:   Tue May 31 10:27:29 2022 -0500

    Codigos añadidos a codigos27-05-22

commit ccd9d57204ae1cae2019261e8bd7773511eaa1af
Author: Edilmr <42975883+Edilmr@users.noreply.github.com>
Date:   Tue May 31 09:41:43 2022 -0500

    Cambie el titulo del blogpost

    Porque puedo

commit 0ccf11562980201da35cf614ae05bb87cc67cb9f
Merge: 5a39aef 43c5863
Author: Edilson <edilmr18@gmail.com>
Date:   Tue May 31 09:11:28 2022 -0500

    Merge branch 'main' of https://github.com/Edilmr/hyperblog

commit 43c5863f34aa0615e4c1acb2ca36731025de1c23
Author: Edilmr <42975883+Edilmr@users.noreply.github.com>
Date:   Tue May 31 08:54:12 2022 -0500

    Initial commit

commit 5a39aef06c850fb3271b001cbe6516b79cb0fdd4 (origin/master, master)
Author: Edilson <edilmr18@gmail.com>
Date:   Tue May 31 08:46:49 2022 -0500

    Agregue mas codigo a codigos 27-05-22

commit 0b1fbd2374d6433aad563b9043a33fa05fcc7023
Author: Edilson <edilmr18@gmail.com>
Date:   Tue May 31 08:42:42 2022 -0500

edilson.murillor@LMEEMURILLO MINGW64 ~/proyecto1 (main)
$ git log --all --graph
* commit c1b97901176c5151d5df2700e34fdbb8e5bb61f6 (HEAD -> main, origin/main)
| Author: Edilson <edilmr18@gmail.com>
| Date:   Tue May 31 12:15:41 2022 -0500
|
|     Nuvos codigos en codigos27-05-22
|
* commit 757e705483bf5960fcb9ce9abb40b8a0f9700f75
| Author: Edilson <edilmr18@gmail.com>
| Date:   Tue May 31 12:09:12 2022 -0500
|
|     Una version del hyperblog
|
* commit 32d3557c2bd64c77e02cf4ffa2330f4a757ea5fd
| Author: Edilson <edilmr18@gmail.com>
| Date:   Tue May 31 10:27:29 2022 -0500
|
|     Codigos añadidos a codigos27-05-22
|
* commit ccd9d57204ae1cae2019261e8bd7773511eaa1af
| Author: Edilmr <42975883+Edilmr@users.noreply.github.com>
| Date:   Tue May 31 09:41:43 2022 -0500
|
|     Cambie el titulo del blogpost
|
|     Porque puedo
|
*   commit 0ccf11562980201da35cf614ae05bb87cc67cb9f
|\  Merge: 5a39aef 43c5863
| | Author: Edilson <edilmr18@gmail.com>
| | Date:   Tue May 31 09:11:28 2022 -0500
| |
| |     Merge branch 'main' of https://github.com/Edilmr/hyperblog
| |
| * commit 43c5863f34aa0615e4c1acb2ca36731025de1c23
|   Author: Edilmr <42975883+Edilmr@users.noreply.github.com>
|   Date:   Tue May 31 08:54:12 2022 -0500
|
|       Initial commit
|
* commit 5a39aef06c850fb3271b001cbe6516b79cb0fdd4 (origin/master, master)
| Author: Edilson <edilmr18@gmail.com>
| Date:   Tue May 31 08:46:49 2022 -0500
|
|     Agregue mas codigo a codigos 27-05-22
|
* commit 0b1fbd2374d6433aad563b9043a33fa05fcc7023
| Author: Edilson <edilmr18@gmail.com>
| Date:   Tue May 31 08:42:42 2022 -0500

edilson.murillor@LMEEMURILLO MINGW64 ~/proyecto1 (main)
$ git log --all --graph --decorate --oneline
* c1b9790 (HEAD -> main, origin/main) Nuvos codigos en codigos27-05-22
* 757e705 Una version del hyperblog
* 32d3557 Codigos añadidos a codigos27-05-22
* ccd9d57 Cambie el titulo del blogpost
*   0ccf115 Merge branch 'main' of https://github.com/Edilmr/hyperblog
|\
| * 43c5863 Initial commit
* 5a39aef (origin/master, master) Agregue mas codigo a codigos 27-05-22
* 0b1fbd2 Agregue un archivo con los codigos de git
* d6b6a53 solucione el conflicto de las ramas
*   6f4176d solucione el conflicto de las ramas
|\
| * 7c5e122 (cabecera) Modifique la cabecera y el color del texto
* | 17ccd17 Modifique la cabecera y el color del texto
|/
* 18f4901 Volvi a una tipografia arial
*   b46890c Merge branch 'cabecera'
|\
| * 19f022e Finalizada la cabecera con diseño azul
| * 8a9f6f3 Estructura inicial de la cabecera
* | ad10700 Agregado el contenido final del blog
|/
* 69229cf commit al master del blogsport mas reciente
* 4e9a9ad Codigo añadido al archivo de codigos
* bb77538 cambio de maestria
* 4d6361e cambio de maestria
* abe97b5 cambio de vida
* cb7764e Arranco mi proyecto real co html y css
* 2505520 Este es el primer commit de este archivo

edilson.murillor@LMEEMURILLO MINGW64 ~/proyecto1 (main)
$ alias arbolito="git log --all --graph --decorate --oneline"

edilson.murillor@LMEEMURILLO MINGW64 ~/proyecto1 (main)
$ arbolito
* c1b9790 (HEAD -> main, origin/main) Nuvos codigos en codigos27-05-22
* 757e705 Una version del hyperblog
* 32d3557 Codigos añadidos a codigos27-05-22
* ccd9d57 Cambie el titulo del blogpost
*   0ccf115 Merge branch 'main' of https://github.com/Edilmr/hyperblog
|\
| * 43c5863 Initial commit
* 5a39aef (origin/master, master) Agregue mas codigo a codigos 27-05-22
* 0b1fbd2 Agregue un archivo con los codigos de git
* d6b6a53 solucione el conflicto de las ramas
*   6f4176d solucione el conflicto de las ramas
|\
| * 7c5e122 (cabecera) Modifique la cabecera y el color del texto
* | 17ccd17 Modifique la cabecera y el color del texto
|/
* 18f4901 Volvi a una tipografia arial
*   b46890c Merge branch 'cabecera'
|\
| * 19f022e Finalizada la cabecera con diseño azul
| * 8a9f6f3 Estructura inicial de la cabecera
* | ad10700 Agregado el contenido final del blog
|/
* 69229cf commit al master del blogsport mas reciente
* 4e9a9ad Codigo añadido al archivo de codigos
* bb77538 cambio de maestria
* 4d6361e cambio de maestria
* abe97b5 cambio de vida
* cb7764e Arranco mi proyecto real co html y css
* 2505520 Este es el primer commit de este archivo

edilson.murillor@LMEEMURILLO MINGW64 ~/proyecto1 (main)
$ ^C

edilson.murillor@LMEEMURILLO MINGW64 ~/proyecto1 (main)
$ git tag -a v0.1 -m "Resultado de las primeras clases"

edilson.murillor@LMEEMURILLO MINGW64 ~/proyecto1 (main)
$ git tag -a v0.1 -m "Resultado de las primeras clases"
fatal: tag 'v0.1' already exists

edilson.murillor@LMEEMURILLO MINGW64 ~/proyecto1 (main)
$ git tag -a v0.1 -m "Resultado de las primeras clases" bb77538
fatal: tag 'v0.1' already exists

edilson.murillor@LMEEMURILLO MINGW64 ~/proyecto1 (main)
$ git tag -a v0.11 -m "Resultado de las primeras clases" bb77538

edilson.murillor@LMEEMURILLO MINGW64 ~/proyecto1 (main)
$ git tag
v0.1
v0.11

edilson.murillor@LMEEMURILLO MINGW64 ~/proyecto1 (main)
$ git show-ref --tags
6afcb47ff834d415f54fc79c40f0fa5a790d9281 refs/tags/v0.1
acf7768efac238d9977bf449a8b3d79366ade7ba refs/tags/v0.11

edilson.murillor@LMEEMURILLO MINGW64 ~/proyecto1 (main)
$ history
    1  ls
    2  cd
    3  pwd
    4  pwd
    5  d:
    6  cd d
    7  cd d:
    8  ls
    9  cd edilson.murillor/
   10  ls
   11  ls -al
   12  ls
   13  cd Documents/
   14  ls
   15  cd Cadena/
   16  ls
   17  cd Python/
   18  ls
   19  cd git/
   20  ls
   21  cd
   22  mkdir proyecto1
   23  ls
   24  cd proyecto1/
   25  touch vacio.txt
   26  ls
   27  ls -all
   28  cat vacio.txt
   29  hystory
   30  history
   31  cat vacio.txt
   32  history
   33  rm vacio.txt
   34  ls
   35  rm --help
   36  pwd
   37  git init
   38  ls -al
   39  git status
   40  git add historia.txt
   41  git status
   42  git rm historia.txt
   43  git rm --cached historia.txt
   44  status
   45  git status
   46  git add historia.txt
   47  git status
   48  git commit -m "Este es el primer commit de este archivo"
   49  git config
   50  git config --list
   51  git config --list --show-origin
   52  git config --global
   53  git config --global user.name "Edilson"
   54  git config --global user.email "edilmr18@gmail.com"
   55  git config --list
   56  git status
   57  git commit -m "Este es el primer commit de este archivo"
   58  git add historia.txt
   59  git status
   60  git add historia.txt
   61  git status
   62  git add historia.txt
   63  git status
   64  ls -al
   65  history
   66  git init
   67  git status
   68  git add historia.txt
   69  git status
   70  git rm --cached historia.txt
   71  git status
   72  git add historia.txt
   73  git status
   74  git rm --cached historia.txt
   75  git status
   76  git commit -m "Este es el primer commit de este archivo"
   77  cat historia.txt
   78  code historia.txt
   79  git status
   80  git commit -m "Cabios al archivo de historia"
   81  git add .
   82  git commit -m "Cabios al archivo de historia"
   83  git status
   84  git log historia.txt
   85  git show historia.txt
   86  pwd
   87  ls
   88  code historia.txt
   89  git add .
   90  git commit
   91  git commit
   92  code historia.txt
   93  git add .
   94  git commit
   95  git show
   96  git log historia.txt
   97  git diff 5daeac1869a735c2b7958453c8d3712fa68e1c9f
   98  git diff 5daeac1869a735c2b7958453c8d3712fa68e1c9f 250552011b6bbaa598cd3ade837d0f17710d8749
   99  git diff  250552011b6bbaa598cd3ade837d0f17710d87 5daeac1869a735c2b7958453c8d3712fa68e1c9f
  100  git log historia.txt
  101  git diff 5daeac1869a735c2b7958453c8d3712fa68e1c9f
  102  git diff 5daeac1869a735c2b7958453c8d3712fa68e1c9f de587df3a334de794d11bc6c3aa50583f9623abf
  103  git log
  104  git reset 250552011b6bbaa598cd3ade837d0f17710d8749
  105  git reset 250552011b6bbaa598cd3ade837d0f17710d8749 --hard
  106  code historia.txt
  107  git log
  108  git status
  109  ls
  110  ls -al
  111  git add.
  112  git status
  113  git status
  114  git diff
  115  git diff
  116  git status
  117  git add .
  118  git status
  119  git status
  120  git diff
  121  git add .
  122  git status
  123  git diff
  124  git commit - m "Arranco mi proyecto real co html y css"
  125  git commit -m "Arranco mi proyecto real co html y css"
  126  git log
  127  git add .
  128  git commit -m "cambio de vida"
  129  git add .
  130  git commit -m "cambio de maestria"
  131  git log
  132  git log --stat
  133  git checkout
  134  git checkout 250552011b6bbaa598cd3ade837d0f17710d8749
  135  git checkout 250552011b6bbaa598cd3ade837d0f17710d8749 historia.txt
  136  git status
  137  git checkout master historia.txt
  138  git checkout master
  139  git checkout 250552011b6bbaa598cd3ade837d0f17710d8749 historia.txt
  140  git checkout master historia.txt
  141  git checkout 4d6361e8621c1b3e1d303eb737e5a8b289de7b78 historia.txt
  142  git checkout 250552011b6bbaa598cd3ade837d0f17710d8749 historia.txt
  143  git add .
  144  git commit -m "cambio de maestria"
  145  git log
  146  git log --stat
  147  git status
  148  git add .
  149  git commit -m "Codigo añadido al archivo de codigos"
  150  exit
  151  git status
  152  git commit -a
  153  git log
  154  git log --stat
  155  git status
  156  git show
  157  git branch cabecera
  158  git show
  159  git status
  160  git checkout cabecera
  161  git status
  162  git status
  163  git add blogpost.html
  164  git commit
  165  git status
  166  git show
  167  git log
  168  git checkout master
  169  git log
  170  git checkout cabecera
  171  git log
  172  git status
  173  git status
  174  git commit -am
  175  git commit -am "Finalizada la cabecera con diseño azul"
  176  git status
  177  git checkout master
  178  git commit -am "Agregado el contenido final del blog"
  179  git status
  180  git log
  181  cd
  182  cd proyecto1
  183  git log
  184  git checkout cabecera
  185  git checkout master
  186  git branch
  187  git merge cabecera
  188  git log
  189  git commit -am "Volvi a una tipografia arial"
  190  git log
  191  git branch
  192  git checkout cabecera
  193  git merge master
  194  git commit -am "Modifique la cabecera y el color del texto"
  195  git checkout master
  196  git commit -am "Modifique la cabecera y el color del texto"
  197  git checkout cabecera
  198  git checkout master
  199  git merge cabecera
  200  git log
  201  git status
  202  git commit -am "solucione el conflicto de las ramas"
  203  git status
  204  git commit -am "solucione el conflicto de las ramas"
  205  git status
  206  git add .
  207  git commit "Agregue un archivo con los codigos de git"
  208  git commit -m "Agregue un archivo con los codigos de git"
  209  git status
  210  git log
  211  git checkout cabecera
  212  git checkout master
  213  git status
  214  git add .
  215  git commit -m "Agregue mas codigo a codigos 27-05-22"
  216  git status
  217  git log
  218  pwd
  219  git remote add origin
  220  git remote add origin https://github.com/Edilmr/hyperblog.git
  221  git remote
  222  git remote -v
  223  ls -al
  224  git push origin master
  225  git pull origin master
  226  git pull origin master --allow-unrelated-histories
  227  ls  - all
  228  ls  - al
  229  ls  -al
  230  git push origin master
  231  git branch main
  232  git branch
  233  git checkout main
  234  git merge master
  235  git status
  236  git log
  237  git pull origin main
  238  git remote -v
  239  git push origin main
  240  git pull origin main --allow-unrelated-histories
  241  ls -al
  242  git status
  243  git push origin main
  244  git config -l
  245  git pull origin main
  246  git log
  247  git add .
  248  git commit -m "Codigos añadidos a codigos27-05-22"
  249  git pull main
  250  git pull origin main
  251  pwd
  252  pwd
  253  cd proyecto1
  254  cd
  255  pwd
  256  git config -l
  257  ssh-keygen -t rsa -b 4096 -C "edilmr18@gmail.com"
  258  ls -al
  259  cd
  260  cd
  261  ls
  262  ls
  263  pwd
  264  ls -al
  265  cd
  266  pwd
  267  git config -l
  268  ssh-keygen -t rsa -b 4096 -C "edilmr18@gmail.com"
  269  eval $(ssh-agent -s)
  270  ~
  271  cd
  272  cd /
  273  cd
  274  ssh-add ~/.ssh/id_rsa
  275  cd proyecto1
  276  git remove -v
  277  git checkout master
  278  git remove -v
  279  git checkout main
  280  git remote -v
  281  git remote set-url origin
  282  git remote set-url origin
  283  git remote set-url origin git@github.com:Edilmr/hyperblog.git
  284  git remote -v
  285  git pull
  286  git pull origin main
  287  git status
  288  git diff
  289  git commit -am "Una version del hyperblog"
  290  git pull origin main
  291  git push origin main
  292  git commit -am "Nuvos codigos en codigos27-05-22"
  293  git pull origin main
  294  git push origin main
  295  gitlog
  296  git log
  297  git log --all
  298  git log --all --graph
  299  git log --all --graph --decorate --oneline
  300  alias arbolito="git log --all --graph --decorate --oneline"
  301  arbolito
  302  git tag -a v0.1 -m "Resultado de las primeras clases"
  303  git tag -a v0.1 -m "Resultado de las primeras clases"
  304  git tag -a v0.1 -m "Resultado de las primeras clases" bb77538
  305  git tag -a v0.11 -m "Resultado de las primeras clases" bb77538
  306  git tag
  307  git show-ref --tags
  308  history

edilson.murillor@LMEEMURILLO MINGW64 ~/proyecto1 (main)
$ git status
On branch main
nothing to commit, working tree clean

edilson.murillor@LMEEMURILLO MINGW64 ~/proyecto1 (main)
$ git pull origin main
From github.com:Edilmr/hyperblog
 * branch            main       -> FETCH_HEAD
Already up to date.

edilson.murillor@LMEEMURILLO MINGW64 ~/proyecto1 (main)
$ git push origin --tags
Enumerating objects: 2, done.
Counting objects: 100% (2/2), done.
Delta compression using up to 8 threads
Compressing objects: 100% (2/2), done.
Writing objects: 100% (2/2), 313 bytes | 52.00 KiB/s, done.
Total 2 (delta 0), reused 0 (delta 0), pack-reused 0
To github.com:Edilmr/hyperblog.git
 * [new tag]         v0.1 -> v0.1
 * [new tag]         v0.11 -> v0.11

edilson.murillor@LMEEMURILLO MINGW64 ~/proyecto1 (main)
$ arbolito
* c1b9790 (HEAD -> main, tag: v0.1, origin/main) Nuvos codigos en codigos27-05-22
* 757e705 Una version del hyperblog
* 32d3557 Codigos añadidos a codigos27-05-22
* ccd9d57 Cambie el titulo del blogpost
*   0ccf115 Merge branch 'main' of https://github.com/Edilmr/hyperblog
|\
| * 43c5863 Initial commit
* 5a39aef (origin/master, master) Agregue mas codigo a codigos 27-05-22
* 0b1fbd2 Agregue un archivo con los codigos de git
* d6b6a53 solucione el conflicto de las ramas
*   6f4176d solucione el conflicto de las ramas
|\
| * 7c5e122 (cabecera) Modifique la cabecera y el color del texto
* | 17ccd17 Modifique la cabecera y el color del texto
|/
* 18f4901 Volvi a una tipografia arial
*   b46890c Merge branch 'cabecera'
|\
| * 19f022e Finalizada la cabecera con diseño azul
| * 8a9f6f3 Estructura inicial de la cabecera
* | ad10700 Agregado el contenido final del blog
|/
* 69229cf commit al master del blogsport mas reciente
* 4e9a9ad Codigo añadido al archivo de codigos
* bb77538 (tag: v0.11) cambio de maestria
* 4d6361e cambio de maestria
* abe97b5 cambio de vida
* cb7764e Arranco mi proyecto real co html y css
* 2505520 Este es el primer commit de este archivo

edilson.murillor@LMEEMURILLO MINGW64 ~/proyecto1 (main)
$ git tag -a v0.11 -m "Resultado de las primeras clases"
fatal: tag 'v0.11' already exists

edilson.murillor@LMEEMURILLO MINGW64 ~/proyecto1 (main)
$ git tag -a v0.11 -m "Resultado de las primeras clases"
fatal: tag 'v0.11' already exists

edilson.murillor@LMEEMURILLO MINGW64 ~/proyecto1 (main)
$ git tag -a dormido "dfregavdacefafsdfearf" 4d6361e
fatal: too many arguments

edilson.murillor@LMEEMURILLO MINGW64 ~/proyecto1 (main)
$ git tag -a dormido -m "dfregavdacefafsdfearf" 4d6361e

edilson.murillor@LMEEMURILLO MINGW64 ~/proyecto1 (main)
$ git pull origin main
From github.com:Edilmr/hyperblog
 * branch            main       -> FETCH_HEAD
Already up to date.

edilson.murillor@LMEEMURILLO MINGW64 ~/proyecto1 (main)
$ git push origin --tags
Enumerating objects: 1, done.
Counting objects: 100% (1/1), done.
Writing objects: 100% (1/1), 165 bytes | 55.00 KiB/s, done.
Total 1 (delta 0), reused 0 (delta 0), pack-reused 0
To github.com:Edilmr/hyperblog.git
 * [new tag]         dormido -> dormido

edilson.murillor@LMEEMURILLO MINGW64 ~/proyecto1 (main)
$ git tag
dormido
v0.1
v0.11

edilson.murillor@LMEEMURILLO MINGW64 ~/proyecto1 (main)
$ git tag -d v0.1
Deleted tag 'v0.1' (was 6afcb47)

edilson.murillor@LMEEMURILLO MINGW64 ~/proyecto1 (main)
$ git status
On branch main
nothing to commit, working tree clean

edilson.murillor@LMEEMURILLO MINGW64 ~/proyecto1 (main)
From github.com:Edilmr/hyperblog
Already up to date.  main       -> FETCH_HEAD
edilson.murillor@LMEEMURILLO MINGW64 ~/proyecto1 (main)
$ git push origin --tags
Everything up-to-date

edilson.murillor@LMEEMURILLO MINGW64 ~/proyecto1 (main)
$ git tag
dormido
v0.11

edilson.murillor@LMEEMURILLO MINGW64 ~/proyecto1 (main)
$ git push origin :refs/tags/v0.1
To github.com:Edilmr/hyperblog.git
 - [deleted]         v0.1

edilson.murillor@LMEEMURILLO MINGW64 ~/proyecto1 (main)
$ git tag -d dormido
Deleted tag 'dormido' (was 89cc210)

edilson.murillor@LMEEMURILLO MINGW64 ~/proyecto1 (main)
$ git pull origin main
From github.com:Edilmr/hyperblog
 * branch            main       -> FETCH_HEAD
Already up to date.

edilson.murillor@LMEEMURILLO MINGW64 ~/proyecto1 (main)
$ git push origin --tags
Everything up-to-date

edilson.murillor@LMEEMURILLO MINGW64 ~/proyecto1 (main)
$ git push origin :refs/tags/dormido
To github.com:Edilmr/hyperblog.git
 - [deleted]         dormido

edilson.murillor@LMEEMURILLO MINGW64 ~/proyecto1 (main)
$ git tag
v0.11

edilson.murillor@LMEEMURILLO MINGW64 ~/proyecto1 (main)
$ git branch
  cabecera
* main
  master

edilson.murillor@LMEEMURILLO MINGW64 ~/proyecto1 (main)
$



